Archive member included to satisfy reference by file (symbol)

c:/ac6/systemworkbench/plugins/fr.ac6.mcu.externaltools.arm-none.win32_1.7.0.201602121829/tools/compiler/bin/../lib/gcc/arm-none-eabi/5.2.1/armv7e-m/fpu\libgcc.a(_lshrdi3.o)
                              Drivers/STM32F3xx_HAL_Driver/Src/stm32f3xx_hal_flash.o (__aeabi_llsr)
c:/ac6/systemworkbench/plugins/fr.ac6.mcu.externaltools.arm-none.win32_1.7.0.201602121829/tools/compiler/bin/../lib/gcc/arm-none-eabi/5.2.1/../../../../arm-none-eabi/lib/armv7e-m/fpu\libc_nano.a(lib_a-exit.o)
                              c:/ac6/systemworkbench/plugins/fr.ac6.mcu.externaltools.arm-none.win32_1.7.0.201602121829/tools/compiler/bin/../lib/gcc/arm-none-eabi/5.2.1/../../../../arm-none-eabi/lib/armv7e-m/fpu/crt0.o (exit)
c:/ac6/systemworkbench/plugins/fr.ac6.mcu.externaltools.arm-none.win32_1.7.0.201602121829/tools/compiler/bin/../lib/gcc/arm-none-eabi/5.2.1/../../../../arm-none-eabi/lib/armv7e-m/fpu\libc_nano.a(lib_a-impure.o)
                              c:/ac6/systemworkbench/plugins/fr.ac6.mcu.externaltools.arm-none.win32_1.7.0.201602121829/tools/compiler/bin/../lib/gcc/arm-none-eabi/5.2.1/../../../../arm-none-eabi/lib/armv7e-m/fpu\libc_nano.a(lib_a-exit.o) (_global_impure_ptr)
c:/ac6/systemworkbench/plugins/fr.ac6.mcu.externaltools.arm-none.win32_1.7.0.201602121829/tools/compiler/bin/../lib/gcc/arm-none-eabi/5.2.1/../../../../arm-none-eabi/lib/armv7e-m/fpu\libc_nano.a(lib_a-init.o)
                              c:/ac6/systemworkbench/plugins/fr.ac6.mcu.externaltools.arm-none.win32_1.7.0.201602121829/tools/compiler/bin/../lib/gcc/arm-none-eabi/5.2.1/../../../../arm-none-eabi/lib/armv7e-m/fpu/crt0.o (__libc_init_array)
c:/ac6/systemworkbench/plugins/fr.ac6.mcu.externaltools.arm-none.win32_1.7.0.201602121829/tools/compiler/bin/../lib/gcc/arm-none-eabi/5.2.1/../../../../arm-none-eabi/lib/armv7e-m/fpu\libc_nano.a(lib_a-memcpy-stub.o)
                              Src/TextOut.o (memcpy)
c:/ac6/systemworkbench/plugins/fr.ac6.mcu.externaltools.arm-none.win32_1.7.0.201602121829/tools/compiler/bin/../lib/gcc/arm-none-eabi/5.2.1/../../../../arm-none-eabi/lib/armv7e-m/fpu\libc_nano.a(lib_a-memset.o)
                              c:/ac6/systemworkbench/plugins/fr.ac6.mcu.externaltools.arm-none.win32_1.7.0.201602121829/tools/compiler/bin/../lib/gcc/arm-none-eabi/5.2.1/../../../../arm-none-eabi/lib/armv7e-m/fpu/crt0.o (memset)
c:/ac6/systemworkbench/plugins/fr.ac6.mcu.externaltools.arm-none.win32_1.7.0.201602121829/tools/compiler/bin/../lib/gcc/arm-none-eabi/5.2.1/../../../../arm-none-eabi/lib/armv7e-m/fpu\libc_nano.a(lib_a-sprintf.o)
                              Src/myNRF24.o (sprintf)
c:/ac6/systemworkbench/plugins/fr.ac6.mcu.externaltools.arm-none.win32_1.7.0.201602121829/tools/compiler/bin/../lib/gcc/arm-none-eabi/5.2.1/../../../../arm-none-eabi/lib/armv7e-m/fpu\libc_nano.a(lib_a-strchr.o)
                              Src/TextOut.o (strchr)
c:/ac6/systemworkbench/plugins/fr.ac6.mcu.externaltools.arm-none.win32_1.7.0.201602121829/tools/compiler/bin/../lib/gcc/arm-none-eabi/5.2.1/../../../../arm-none-eabi/lib/armv7e-m/fpu\libc_nano.a(lib_a-strlen.o)
                              Src/TextOut.o (strlen)
c:/ac6/systemworkbench/plugins/fr.ac6.mcu.externaltools.arm-none.win32_1.7.0.201602121829/tools/compiler/bin/../lib/gcc/arm-none-eabi/5.2.1/../../../../arm-none-eabi/lib/armv7e-m/fpu\libc_nano.a(lib_a-nano-svfprintf.o)
                              c:/ac6/systemworkbench/plugins/fr.ac6.mcu.externaltools.arm-none.win32_1.7.0.201602121829/tools/compiler/bin/../lib/gcc/arm-none-eabi/5.2.1/../../../../arm-none-eabi/lib/armv7e-m/fpu\libc_nano.a(lib_a-sprintf.o) (_svfprintf_r)
c:/ac6/systemworkbench/plugins/fr.ac6.mcu.externaltools.arm-none.win32_1.7.0.201602121829/tools/compiler/bin/../lib/gcc/arm-none-eabi/5.2.1/../../../../arm-none-eabi/lib/armv7e-m/fpu\libc_nano.a(lib_a-nano-vfprintf_i.o)
                              c:/ac6/systemworkbench/plugins/fr.ac6.mcu.externaltools.arm-none.win32_1.7.0.201602121829/tools/compiler/bin/../lib/gcc/arm-none-eabi/5.2.1/../../../../arm-none-eabi/lib/armv7e-m/fpu\libc_nano.a(lib_a-nano-svfprintf.o) (_printf_i)
c:/ac6/systemworkbench/plugins/fr.ac6.mcu.externaltools.arm-none.win32_1.7.0.201602121829/tools/compiler/bin/../lib/gcc/arm-none-eabi/5.2.1/../../../../arm-none-eabi/lib/armv7e-m/fpu\libc_nano.a(lib_a-memchr.o)
                              c:/ac6/systemworkbench/plugins/fr.ac6.mcu.externaltools.arm-none.win32_1.7.0.201602121829/tools/compiler/bin/../lib/gcc/arm-none-eabi/5.2.1/../../../../arm-none-eabi/lib/armv7e-m/fpu\libc_nano.a(lib_a-nano-svfprintf.o) (memchr)
c:/ac6/systemworkbench/plugins/fr.ac6.mcu.externaltools.arm-none.win32_1.7.0.201602121829/tools/compiler/bin/../lib/gcc/arm-none-eabi/5.2.1/../../../../arm-none-eabi/lib/armv7e-m/fpu\libc_nano.a(lib_a-memmove.o)
[...]
Memory Configuration

Name             Origin             Length             Attributes
RAM              0x20000000         0x0000a000         xrw
CCMRAM           0x10000000         0x00002000         rw
FLASH            0x08000000         0x00040000         xr
*default*        0x00000000         0xffffffff

Linker script and memory map

LOAD c:/ac6/systemworkbench/plugins/fr.ac6.mcu.externaltools.arm-none.win32_1.7.0.201602121829/tools/compiler/bin/../lib/gcc/arm-none-eabi/5.2.1/armv7e-m/fpu/crti.o
LOAD c:/ac6/systemworkbench/plugins/fr.ac6.mcu.externaltools.arm-none.win32_1.7.0.201602121829/tools/compiler/bin/../lib/gcc/arm-none-eabi/5.2.1/armv7e-m/fpu/crtbegin.o
LOAD c:/ac6/systemworkbench/plugins/fr.ac6.mcu.externaltools.arm-none.win32_1.7.0.201602121829/tools/compiler/bin/../lib/gcc/arm-none-eabi/5.2.1/../../../../arm-none-eabi/lib/armv7e-m/fpu/crt0.o
LOAD c:/ac6/systemworkbench/plugins/fr.ac6.mcu.externaltools.arm-none.win32_1.7.0.201602121829/tools/compiler/bin/../lib/gcc/arm-none-eabi/5.2.1/../../../../arm-none-eabi/lib/armv7e-m/fpu\libm.a
LOAD Drivers/CMSIS/Device/ST/STM32F3xx/Source/Templates/gcc/startup_stm32f303xc.o
LOAD Drivers/CMSIS/Device/ST/STM32F3xx/Source/Templates/system_stm32f3xx.o
LOAD Drivers/STM32F3xx_HAL_Driver/Src/stm32f3xx_hal.o
LOAD Drivers/STM32F3xx_HAL_Driver/Src/stm32f3xx_hal_cortex.o
LOAD Drivers/STM32F3xx_HAL_Driver/Src/stm32f3xx_hal_dma.o
LOAD Drivers/STM32F3xx_HAL_Driver/Src/stm32f3xx_hal_flash.o
LOAD Drivers/STM32F3xx_HAL_Driver/Src/stm32f3xx_hal_flash_ex.o
LOAD Drivers/STM32F3xx_HAL_Driver/Src/stm32f3xx_hal_gpio.o
LOAD Drivers/STM32F3xx_HAL_Driver/Src/stm32f3xx_hal_i2c.o
LOAD Drivers/STM32F3xx_HAL_Driver/Src/stm32f3xx_hal_i2c_ex.o
LOAD Drivers/STM32F3xx_HAL_Driver/Src/stm32f3xx_hal_pcd.o
LOAD Drivers/STM32F3xx_HAL_Driver/Src/stm32f3xx_hal_pcd_ex.o
LOAD Drivers/STM32F3xx_HAL_Driver/Src/stm32f3xx_hal_pwr.o
LOAD Drivers/STM32F3xx_HAL_Driver/Src/stm32f3xx_hal_pwr_ex.o
LOAD Drivers/STM32F3xx_HAL_Driver/Src/stm32f3xx_hal_rcc.o
LOAD Drivers/STM32F3xx_HAL_Driver/Src/stm32f3xx_hal_rcc_ex.o
LOAD Drivers/STM32F3xx_HAL_Driver/Src/stm32f3xx_hal_spi.o
LOAD Drivers/STM32F3xx_HAL_Driver/Src/stm32f3xx_hal_spi_ex.o
LOAD Drivers/STM32F3xx_HAL_Driver/Src/stm32f3xx_hal_tim.o
LOAD Drivers/STM32F3xx_HAL_Driver/Src/stm32f3xx_hal_tim_ex.o
LOAD Middlewares/ST/STM32_USB_Device_Library/Class/CDC/Src/usbd_cdc.o
LOAD Middlewares/ST/STM32_USB_Device_Library/Core/Src/usbd_core.o
LOAD Middlewares/ST/STM32_USB_Device_Library/Core/Src/usbd_ctlreq.o
LOAD Middlewares/ST/STM32_USB_Device_Library/Core/Src/usbd_ioreq.o
LOAD Src/TextOut.o
LOAD Src/gpio.o
LOAD Src/main.o
LOAD Src/myNRF24.o
LOAD Src/packing.o
LOAD Src/spi.o
LOAD Src/stm32f3xx_hal_msp.o
LOAD Src/stm32f3xx_it.o
LOAD Src/usb_device.o
LOAD Src/usbd_cdc_if.o
LOAD Src/usbd_conf.o
LOAD Src/usbd_desc.o
START GROUP
LOAD c:/ac6/systemworkbench/plugins/fr.ac6.mcu.externaltools.arm-none.win32_1.7.0.201602121829/tools/compiler/bin/../lib/gcc/arm-none-eabi/5.2.1/armv7e-m/fpu\libgcc.a
LOAD c:/ac6/systemworkbench/plugins/fr.ac6.mcu.externaltools.arm-none.win32_1.7.0.201602121829/tools/compiler/bin/../lib/gcc/arm-none-eabi/5.2.1/../../../../arm-none-eabi/lib/armv7e-m/fpu\libc_nano.a
END GROUP
START GROUP
LOAD c:/ac6/systemworkbench/plugins/fr.ac6.mcu.externaltools.arm-none.win32_1.7.0.201602121829/tools/compiler/bin/../lib/gcc/arm-none-eabi/5.2.1/armv7e-m/fpu\libgcc.a
LOAD c:/ac6/systemworkbench/plugins/fr.ac6.mcu.externaltools.arm-none.win32_1.7.0.201602121829/tools/compiler/bin/../lib/gcc/arm-none-eabi/5.2.1/../../../../arm-none-eabi/lib/armv7e-m/fpu\libc_nano.a
LOAD c:/ac6/systemworkbench/plugins/fr.ac6.mcu.externaltools.arm-none.win32_1.7.0.201602121829/tools/compiler/bin/../lib/gcc/arm-none-eabi/5.2.1/../../../../arm-none-eabi/lib/armv7e-m/fpu\libnosys.a
END GROUP
START GROUP
LOAD c:/ac6/systemworkbench/plugins/fr.ac6.mcu.externaltools.arm-none.win32_1.7.0.201602121829/tools/compiler/bin/../lib/gcc/arm-none-eabi/5.2.1/armv7e-m/fpu\libgcc.a
LOAD c:/ac6/systemworkbench/plugins/fr.ac6.mcu.externaltools.arm-none.win32_1.7.0.201602121829/tools/compiler/bin/../lib/gcc/arm-none-eabi/5.2.1/../../../../arm-none-eabi/lib/armv7e-m/fpu\libc_nano.a
LOAD c:/ac6/systemworkbench/plugins/fr.ac6.mcu.externaltools.arm-none.win32_1.7.0.201602121829/tools/compiler/bin/../lib/gcc/arm-none-eabi/5.2.1/../../../../arm-none-eabi/lib/armv7e-m/fpu\libnosys.a
END GROUP
LOAD c:/ac6/systemworkbench/plugins/fr.ac6.mcu.externaltools.arm-none.win32_1.7.0.201602121829/tools/compiler/bin/../lib/gcc/arm-none-eabi/5.2.1/armv7e-m/fpu/crtend.o
LOAD c:/ac6/systemworkbench/plugins/fr.ac6.mcu.externaltools.arm-none.win32_1.7.0.201602121829/tools/compiler/bin/../lib/gcc/arm-none-eabi/5.2.1/armv7e-m/fpu/crtn.o
                0x2000a000                _estack = 0x2000a000
                0x00000200                _Min_Heap_Size = 0x200
                0x00000400                _Min_Stack_Size = 0x400

.isr_vector     0x08000000      0x188
                0x08000000                . = ALIGN (0x4)
 *(.isr_vector)
 .isr_vector    0x08000000      0x188 Drivers/CMSIS/Device/ST/STM32F3xx/Source/Templates/gcc/startup_stm32f303xc.o
                0x08000000                g_pfnVectors
                0x08000188                . = ALIGN (0x4)

.text           0x08000190     0x4630
                0x08000190                . = ALIGN (0x4)
 *(.text)
 .text          0x08000190       0xa4 c:/ac6/systemworkbench/plugins/fr.ac6.mcu.externaltools.arm-none.win32_1.7.0.201602121829/tools/compiler/bin/../lib/gcc/arm-none-eabi/5.2.1/armv7e-m/fpu/crtbegin.o
 .text          0x08000234       0x10 c:/ac6/systemworkbench/plugins/fr.ac6.mcu.externaltools.arm-none.win32_1.7.0.201602121829/tools/compiler/bin/../lib/gcc/arm-none-eabi/5.2.1/../../../../arm-none-eabi/lib/armv7e-m/fpu\libc_nano.a(lib_a-strlen.o)
                0x08000234                strlen
 *fill*         0x08000244        0xc 
 .text          0x08000250       0xa0 c:/ac6/systemworkbench/plugins/fr.ac6.mcu.externaltools.arm-none.win32_1.7.0.201602121829/tools/compiler/bin/../lib/gcc/arm-none-eabi/5.2.1/../../../../arm-none-eabi/lib/armv7e-m/fpu\libc_nano.a(lib_a-memchr.o)
                0x08000250                memchr
 *(.text*)
 .text.Reset_Handler
                0x080002f0       0x50 Drivers/CMSIS/Device/ST/STM32F3xx/Source/Templates/gcc/startup_stm32f303xc.o
                0x080002f0                Reset_Handler
 .text.Default_Handler
                0x08000340        0x2 Drivers/CMSIS/Device/ST/STM32F3xx/Source/Templates/gcc/startup_stm32f303xc.o
                0x08000340                RTC_Alarm_IRQHandler
                0x08000340                TIM8_TRG_COM_IRQHandler
                0x08000340                TIM8_CC_IRQHandler
                0x08000340                DebugMon_Handler
                0x08000340                TIM1_CC_IRQHandler
                0x08000340                HardFault_Handler
                0x08000340                USB_HP_IRQHandler
                0x08000340                PVD_IRQHandler
                0x08000340                TAMP_STAMP_IRQHandler
                0x08000340                PendSV_Handler
                0x08000340                NMI_Handler
                0x08000340                EXTI3_IRQHandler
                0x08000340                USB_HP_CAN_TX_IRQHandler
                0x08000340                EXTI0_IRQHandler
                0x08000340                I2C2_EV_IRQHandler
                0x08000340                FPU_IRQHandler
                0x08000340                TIM1_UP_TIM16_IRQHandler
                0x08000340                UsageFault_Handler
                0x08000340                ADC1_2_IRQHandler
                0x08000340                SPI1_IRQHandler
                0x08000340                CAN_SCE_IRQHandler
                0x08000340                TIM6_DAC_IRQHandler
                0x08000340                TIM8_UP_IRQHandler
                0x08000340                DMA2_Channel2_IRQHandler
                0x08000340                DMA1_Channel4_IRQHandler
                0x08000340                USART3_IRQHandler
                0x08000340                DMA1_Channel7_IRQHandler
                0x08000340                UART5_IRQHandler
                0x08000340                ADC3_IRQHandler
                0x08000340                TIM4_IRQHandler
                0x08000340                CAN_RX1_IRQHandler
                0x08000340                DMA2_Channel1_IRQHandler
                0x08000340                I2C1_EV_IRQHandler
                0x08000340                DMA1_Channel6_IRQHandler
                0x08000340                UART4_IRQHandler
                0x08000340                DMA2_Channel4_IRQHandler
                0x08000340                TIM3_IRQHandler
                0x08000340                RCC_IRQHandler
                0x08000340                DMA1_Channel1_IRQHandler
                0x08000340                Default_Handler
                0x08000340                USBWakeUp_RMP_IRQHandler
                0x08000340                EXTI15_10_IRQHandler
                0x08000340                TIM7_IRQHandler
                0x08000340                EXTI9_5_IRQHandler
                0x08000340                RTC_WKUP_IRQHandler
                0x08000340                SPI2_IRQHandler
                0x08000340                MemManage_Handler
                0x08000340                SVC_Handler
                0x08000340                DMA2_Channel5_IRQHandler
                0x08000340                DMA1_Channel5_IRQHandler
                0x08000340                USB_LP_IRQHandler
                0x08000340                EXTI4_IRQHandler
                0x08000340                TIM1_TRG_COM_TIM17_IRQHandler
                0x08000340                DMA1_Channel3_IRQHandler
                0x08000340                ADC4_IRQHandler
                0x08000340                WWDG_IRQHandler
                0x08000340                TIM2_IRQHandler
                0x08000340                COMP7_IRQHandler
                0x08000340                COMP1_2_3_IRQHandler
                0x08000340                EXTI1_IRQHandler
                0x08000340                USART2_IRQHandler
                0x08000340                COMP4_5_6_IRQHandler
                0x08000340                I2C2_ER_IRQHandler
                0x08000340                DMA1_Channel2_IRQHandler
                0x08000340                TIM8_BRK_IRQHandler
                0x08000340                FLASH_IRQHandler
                0x08000340                BusFault_Handler
                0x08000340                USART1_IRQHandler
                0x08000340                SPI3_IRQHandler
                0x08000340                I2C1_ER_IRQHandler
                0x08000340                USBWakeUp_IRQHandler
                0x08000340                DMA2_Channel3_IRQHandler
                0x08000340                EXTI2_TSC_IRQHandler
                0x08000340                TIM1_BRK_TIM15_IRQHandler
 *fill*         0x08000342        0x2 
 .text.SystemInit
                0x08000344       0x68 Drivers/CMSIS/Device/ST/STM32F3xx/Source/Templates/system_stm32f3xx.o
                0x08000344                SystemInit
 .text.HAL_InitTick
                0x080003ac       0x28 Drivers/STM32F3xx_HAL_Driver/Src/stm32f3xx_hal.o
                0x080003ac                HAL_InitTick
 .text.HAL_Init
                0x080003d4       0x24 Drivers/STM32F3xx_HAL_Driver/Src/stm32f3xx_hal.o
                0x080003d4                HAL_Init
 .text.HAL_IncTick
                0x080003f8       0x10 Drivers/STM32F3xx_HAL_Driver/Src/stm32f3xx_hal.o
                0x080003f8                HAL_IncTick
 .text.HAL_GetTick
                0x08000408        0xc Drivers/STM32F3xx_HAL_Driver/Src/stm32f3xx_hal.o
                0x08000408                HAL_GetTick
 .text.HAL_Delay
                0x08000414       0x1a Drivers/STM32F3xx_HAL_Driver/Src/stm32f3xx_hal.o
                0x08000414                HAL_Delay
 *fill*         0x0800042e        0x2 
 .text.HAL_NVIC_SetPriorityGrouping
                0x08000430       0x24 Drivers/STM32F3xx_HAL_Driver/Src/stm32f3xx_hal_cortex.o
                0x08000430                HAL_NVIC_SetPriorityGrouping
 .text.HAL_NVIC_SetPriority
                0x08000454       0x68 Drivers/STM32F3xx_HAL_Driver/Src/stm32f3xx_hal_cortex.o
                0x08000454                HAL_NVIC_SetPriority
 .text.HAL_NVIC_EnableIRQ
                0x080004bc       0x18 Drivers/STM32F3xx_HAL_Driver/Src/stm32f3xx_hal_cortex.o
                0x080004bc                HAL_NVIC_EnableIRQ
 .text.HAL_SYSTICK_Config
                0x080004d4       0x2c Drivers/STM32F3xx_HAL_Driver/Src/stm32f3xx_hal_cortex.o
                0x080004d4                HAL_SYSTICK_Config
 .text.HAL_SYSTICK_CLKSourceConfig
                0x08000500       0x18 Drivers/STM32F3xx_HAL_Driver/Src/stm32f3xx_hal_cortex.o
                0x08000500                HAL_SYSTICK_CLKSourceConfig
 .text.HAL_SYSTICK_Callback
                0x08000518        0x2 Drivers/STM32F3xx_HAL_Driver/Src/stm32f3xx_hal_cortex.o
                0x08000518                HAL_SYSTICK_Callback
 .text.HAL_SYSTICK_IRQHandler
                0x0800051a        0x8 Drivers/STM32F3xx_HAL_Driver/Src/stm32f3xx_hal_cortex.o
                0x0800051a                HAL_SYSTICK_IRQHandler
 *fill*         0x08000522        0x2 
 .text.HAL_GPIO_Init
                0x08000524      0x194 Drivers/STM32F3xx_HAL_Driver/Src/stm32f3xx_hal_gpio.o
                0x08000524                HAL_GPIO_Init
 .text.HAL_GPIO_ReadPin
                0x080006b8        0xc Drivers/STM32F3xx_HAL_Driver/Src/stm32f3xx_hal_gpio.o
                0x080006b8                HAL_GPIO_ReadPin
 .text.HAL_GPIO_WritePin
                0x080006c4        0xa Drivers/STM32F3xx_HAL_Driver/Src/stm32f3xx_hal_gpio.o
                0x080006c4                HAL_GPIO_WritePin
 .text.HAL_PCD_Init
                0x080006ce       0xaa Drivers/STM32F3xx_HAL_Driver/Src/stm32f3xx_hal_pcd.o
                0x080006ce                HAL_PCD_Init
 .text.HAL_PCD_Start
                0x08000778        0xc Drivers/STM32F3xx_HAL_Driver/Src/stm32f3xx_hal_pcd.o
                0x08000778                HAL_PCD_Start
 .text.HAL_PCD_SetAddress
                0x08000784       0x2c Drivers/STM32F3xx_HAL_Driver/Src/stm32f3xx_hal_pcd.o
                0x08000784                HAL_PCD_SetAddress
 .text.HAL_PCD_EP_Open
                0x080007b0      0x33a Drivers/STM32F3xx_HAL_Driver/Src/stm32f3xx_hal_pcd.o
                0x080007b0                HAL_PCD_EP_Open
 .text.HAL_PCD_EP_Close
                0x08000aea      0x1b2 Drivers/STM32F3xx_HAL_Driver/Src/stm32f3xx_hal_pcd.o
                0x08000aea                HAL_PCD_EP_Close
 .text.HAL_PCD_EP_Receive
                0x08000c9c       0xfa Drivers/STM32F3xx_HAL_Driver/Src/stm32f3xx_hal_pcd.o
                0x08000c9c                HAL_PCD_EP_Receive
 .text.HAL_PCD_EP_GetRxCount
                0x08000d96       0x10 Drivers/STM32F3xx_HAL_Driver/Src/stm32f3xx_hal_pcd.o
                0x08000d96                HAL_PCD_EP_GetRxCount
 .text.HAL_PCD_EP_Transmit
                0x08000da6      0x10a Drivers/STM32F3xx_HAL_Driver/Src/stm32f3xx_hal_pcd.o
                0x08000da6                HAL_PCD_EP_Transmit
 .text.HAL_PCD_IRQHandler
                0x08000eb0      0x4ba Drivers/STM32F3xx_HAL_Driver/Src/stm32f3xx_hal_pcd.o
                0x08000eb0                HAL_PCD_IRQHandler
 .text.HAL_PCD_EP_SetStall
                0x0800136a       0xa2 Drivers/STM32F3xx_HAL_Driver/Src/stm32f3xx_hal_pcd.o
                0x0800136a                HAL_PCD_EP_SetStall
 .text.HAL_PCD_EP_ClrStall
                0x0800140c       0xca Drivers/STM32F3xx_HAL_Driver/Src/stm32f3xx_hal_pcd.o
                0x0800140c                HAL_PCD_EP_ClrStall
 .text.HAL_PCDEx_PMAConfig
                0x080014d6       0x36 Drivers/STM32F3xx_HAL_Driver/Src/stm32f3xx_hal_pcd_ex.o
                0x080014d6                HAL_PCDEx_PMAConfig
 .text.PCD_WritePMA
                0x0800150c       0x22 Drivers/STM32F3xx_HAL_Driver/Src/stm32f3xx_hal_pcd_ex.o
                0x0800150c                PCD_WritePMA
 .text.PCD_ReadPMA
                0x0800152e       0x22 Drivers/STM32F3xx_HAL_Driver/Src/stm32f3xx_hal_pcd_ex.o
                0x0800152e                PCD_ReadPMA
 .text.HAL_RCC_OscConfig
                0x08001550      0x4cc Drivers/STM32F3xx_HAL_Driver/Src/stm32f3xx_hal_rcc.o
                0x08001550                HAL_RCC_OscConfig
 .text.HAL_RCC_GetSysClockFreq
                0x08001a1c       0x64 Drivers/STM32F3xx_HAL_Driver/Src/stm32f3xx_hal_rcc.o
                0x08001a1c                HAL_RCC_GetSysClockFreq
 .text.HAL_RCC_ClockConfig
                0x08001a80      0x164 Drivers/STM32F3xx_HAL_Driver/Src/stm32f3xx_hal_rcc.o
                0x08001a80                HAL_RCC_ClockConfig
 .text.HAL_RCC_GetHCLKFreq
                0x08001be4        0xc Drivers/STM32F3xx_HAL_Driver/Src/stm32f3xx_hal_rcc.o
                0x08001be4                HAL_RCC_GetHCLKFreq
 .text.HAL_RCCEx_PeriphCLKConfig
                0x08001bf0      0x204 Drivers/STM32F3xx_HAL_Driver/Src/stm32f3xx_hal_rcc_ex.o
                0x08001bf0                HAL_RCCEx_PeriphCLKConfig
 .text.SPI_WaitFlagStateUntilTimeout.part.1
                0x08001df4       0x52 Drivers/STM32F3xx_HAL_Driver/Src/stm32f3xx_hal_spi.o
 .text.SPI_WaitFifoStateUntilTimeout
                0x08001e46       0x54 Drivers/STM32F3xx_HAL_Driver/Src/stm32f3xx_hal_spi.o
 .text.SPI_WaitFlagStateUntilTimeout
                0x08001e9a       0x40 Drivers/STM32F3xx_HAL_Driver/Src/stm32f3xx_hal_spi.o
 .text.SPI_EndRxTxTransaction
                0x08001eda       0x2e Drivers/STM32F3xx_HAL_Driver/Src/stm32f3xx_hal_spi.o
 .text.SPI_EndRxTransaction
                0x08001f08       0x6a Drivers/STM32F3xx_HAL_Driver/Src/stm32f3xx_hal_spi.o
 .text.HAL_SPI_Init
                0x08001f72       0xb2 Drivers/STM32F3xx_HAL_Driver/Src/stm32f3xx_hal_spi.o
                0x08001f72                HAL_SPI_Init
 .text.HAL_SPI_Transmit
                0x08002024      0x176 Drivers/STM32F3xx_HAL_Driver/Src/stm32f3xx_hal_spi.o
                0x08002024                HAL_SPI_Transmit
 .text.HAL_SPI_TransmitReceive
                0x0800219a      0x2d6 Drivers/STM32F3xx_HAL_Driver/Src/stm32f3xx_hal_spi.o
                0x0800219a                HAL_SPI_TransmitReceive
 .text.HAL_SPI_Receive
                0x08002470      0x224 Drivers/STM32F3xx_HAL_Driver/Src/stm32f3xx_hal_spi.o
                0x08002470                HAL_SPI_Receive
 .text.USBD_CDC_DataIn
                0x08002694       0x12 Middlewares/ST/STM32_USB_Device_Library/Class/CDC/Src/usbd_cdc.o
 .text.USBD_CDC_EP0_RxReady
                0x080026a6       0x28 Middlewares/ST/STM32_USB_Device_Library/Class/CDC/Src/usbd_cdc.o
 *fill*         0x080026ce        0x2 
 .text.USBD_CDC_GetFSCfgDesc
                0x080026d0        0xc Middlewares/ST/STM32_USB_Device_Library/Class/CDC/Src/usbd_cdc.o
 .text.USBD_CDC_GetHSCfgDesc
                0x080026dc        0xc Middlewares/ST/STM32_USB_Device_Library/Class/CDC/Src/usbd_cdc.o
 .text.USBD_CDC_GetOtherSpeedCfgDesc
                0x080026e8        0xc Middlewares/ST/STM32_USB_Device_Library/Class/CDC/Src/usbd_cdc.o
 .text.USBD_CDC_GetDeviceQualifierDescriptor
                0x080026f4        0xc Middlewares/ST/STM32_USB_Device_Library/Class/CDC/Src/usbd_cdc.o
                0x080026f4                USBD_CDC_GetDeviceQualifierDescriptor
 .text.USBD_CDC_DataOut
                0x08002700       0x2e Middlewares/ST/STM32_USB_Device_Library/Class/CDC/Src/usbd_cdc.o
 *fill*         0x0800272e        0x2 
 .text.USBD_CDC_Setup
                0x08002730       0x6c Middlewares/ST/STM32_USB_Device_Library/Class/CDC/Src/usbd_cdc.o
 .text.USBD_CDC_DeInit
                0x0800279c       0x3a Middlewares/ST/STM32_USB_Device_Library/Class/CDC/Src/usbd_cdc.o
 .text.USBD_CDC_Init
                0x080027d6       0x8c Middlewares/ST/STM32_USB_Device_Library/Class/CDC/Src/usbd_cdc.o
 .text.USBD_CDC_RegisterInterface
                0x08002862        0xe Middlewares/ST/STM32_USB_Device_Library/Class/CDC/Src/usbd_cdc.o
                0x08002862                USBD_CDC_RegisterInterface
 .text.USBD_CDC_SetTxBuffer
                0x08002870       0x10 Middlewares/ST/STM32_USB_Device_Library/Class/CDC/Src/usbd_cdc.o
                0x08002870                USBD_CDC_SetTxBuffer
 .text.USBD_CDC_SetRxBuffer
                0x08002880        0xc Middlewares/ST/STM32_USB_Device_Library/Class/CDC/Src/usbd_cdc.o
                0x08002880                USBD_CDC_SetRxBuffer
 .text.USBD_CDC_TransmitPacket
                0x0800288c       0x2e Middlewares/ST/STM32_USB_Device_Library/Class/CDC/Src/usbd_cdc.o
                0x0800288c                USBD_CDC_TransmitPacket
 .text.USBD_CDC_ReceivePacket
                0x080028ba       0x26 Middlewares/ST/STM32_USB_Device_Library/Class/CDC/Src/usbd_cdc.o
                0x080028ba                USBD_CDC_ReceivePacket
 .text.USBD_Init
                0x080028e0       0x2a Middlewares/ST/STM32_USB_Device_Library/Core/Src/usbd_core.o
                0x080028e0                USBD_Init
 .text.USBD_RegisterClass
                0x0800290a        0xe Middlewares/ST/STM32_USB_Device_Library/Core/Src/usbd_core.o
                0x0800290a                USBD_RegisterClass
 .text.USBD_Start
                0x08002918        0xa Middlewares/ST/STM32_USB_Device_Library/Core/Src/usbd_core.o
                0x08002918                USBD_Start
 .text.USBD_SetClassConfig
                0x08002922       0x16 Middlewares/ST/STM32_USB_Device_Library/Core/Src/usbd_core.o
                0x08002922                USBD_SetClassConfig
 .text.USBD_ClrClassConfig
                0x08002938        0xe Middlewares/ST/STM32_USB_Device_Library/Core/Src/usbd_core.o
                0x08002938                USBD_ClrClassConfig
 .text.USBD_LL_SetupStage
                0x08002946       0x5a Middlewares/ST/STM32_USB_Device_Library/Core/Src/usbd_core.o
                0x08002946                USBD_LL_SetupStage
 .text.USBD_LL_DataOutStage
                0x080029a0       0x62 Middlewares/ST/STM32_USB_Device_Library/Core/Src/usbd_core.o
                0x080029a0                USBD_LL_DataOutStage
 .text.USBD_LL_DataInStage
                0x08002a02       0x9c Middlewares/ST/STM32_USB_Device_Library/Core/Src/usbd_core.o
                0x08002a02                USBD_LL_DataInStage
 .text.USBD_LL_Reset
                0x08002a9e       0x3e Middlewares/ST/STM32_USB_Device_Library/Core/Src/usbd_core.o
                0x08002a9e                USBD_LL_Reset
 .text.USBD_LL_SetSpeed
                0x08002adc        0x6 Middlewares/ST/STM32_USB_Device_Library/Core/Src/usbd_core.o
                0x08002adc                USBD_LL_SetSpeed
 .text.USBD_LL_Suspend
                0x08002ae2       0x12 Middlewares/ST/STM32_USB_Device_Library/Core/Src/usbd_core.o
                0x08002ae2                USBD_LL_Suspend
 .text.USBD_LL_Resume
                0x08002af4        0xc Middlewares/ST/STM32_USB_Device_Library/Core/Src/usbd_core.o
                0x08002af4                USBD_LL_Resume
 .text.USBD_LL_SOF
                0x08002b00       0x18 Middlewares/ST/STM32_USB_Device_Library/Core/Src/usbd_core.o
                0x08002b00                USBD_LL_SOF
 .text.USBD_ParseSetupRequest
                0x08002b18       0x28 Middlewares/ST/STM32_USB_Device_Library/Core/Src/usbd_ctlreq.o
                0x08002b18                USBD_ParseSetupRequest
 .text.USBD_CtlError
                0x08002b40       0x16 Middlewares/ST/STM32_USB_Device_Library/Core/Src/usbd_ctlreq.o
                0x08002b40                USBD_CtlError
 *fill*         0x08002b56        0x2 
 .text.USBD_StdDevReq
                0x08002b58      0x214 Middlewares/ST/STM32_USB_Device_Library/Core/Src/usbd_ctlreq.o
                0x08002b58                USBD_StdDevReq
 .text.USBD_StdItfReq
                0x08002d6c       0x30 Middlewares/ST/STM32_USB_Device_Library/Core/Src/usbd_ctlreq.o
                0x08002d6c                USBD_StdItfReq
 .text.USBD_StdEPReq
                0x08002d9c       0xc6 Middlewares/ST/STM32_USB_Device_Library/Core/Src/usbd_ctlreq.o
                0x08002d9c                USBD_StdEPReq
 .text.USBD_GetString
                0x08002e62       0x38 Middlewares/ST/STM32_USB_Device_Library/Core/Src/usbd_ctlreq.o
                0x08002e62                USBD_GetString
 .text.USBD_CtlSendData
                0x08002e9a       0x1a Middlewares/ST/STM32_USB_Device_Library/Core/Src/usbd_ioreq.o
                0x08002e9a                USBD_CtlSendData
 .text.USBD_CtlContinueSendData
                0x08002eb4       0x10 Middlewares/ST/STM32_USB_Device_Library/Core/Src/usbd_ioreq.o
                0x08002eb4                USBD_CtlContinueSendData
 .text.USBD_CtlPrepareRx
                0x08002ec4       0x1e Middlewares/ST/STM32_USB_Device_Library/Core/Src/usbd_ioreq.o
                0x08002ec4                USBD_CtlPrepareRx
 .text.USBD_CtlContinueRx
                0x08002ee2       0x10 Middlewares/ST/STM32_USB_Device_Library/Core/Src/usbd_ioreq.o
                0x08002ee2                USBD_CtlContinueRx
 .text.USBD_CtlSendStatus
                0x08002ef2       0x16 Middlewares/ST/STM32_USB_Device_Library/Core/Src/usbd_ioreq.o
                0x08002ef2                USBD_CtlSendStatus
 .text.USBD_CtlReceiveStatus
                0x08002f08       0x16 Middlewares/ST/STM32_USB_Device_Library/Core/Src/usbd_ioreq.o
                0x08002f08                USBD_CtlReceiveStatus
 *fill*         0x08002f1e        0x2 
 .text.backslashNfixer
                0x08002f20       0x34 Src/TextOut.o
                0x08002f20                backslashNfixer
 .text.TextOut  0x08002f54       0x24 Src/TextOut.o
                0x08002f54                TextOut
 .text.MX_GPIO_Init
                0x08002f78      0x140 Src/gpio.o
                0x08002f78                MX_GPIO_Init
 .text.SystemClock_Config
                0x080030b8       0x88 Src/main.o
                0x080030b8                SystemClock_Config
 .text.startup.main
                0x08003140      0x17c Src/main.o
                0x08003140                main
 .text.Error_Handler
                0x080032bc        0x2 Src/main.o
                0x080032bc                Error_Handler
 *fill*         0x080032be        0x2 
 .text.nssHigh  0x080032c0       0x10 Src/myNRF24.o
                0x080032c0                nssHigh
 .text.nssLow   0x080032d0       0x24 Src/myNRF24.o
                0x080032d0                nssLow
 .text.writeRegMulti.part.6
                0x080032f4       0x46 Src/myNRF24.o
 .text.readReg.part.7
                0x0800333a       0x36 Src/myNRF24.o
 .text.ceHigh   0x08003370       0x24 Src/myNRF24.o
                0x08003370                ceHigh
 .text.ceLow    0x08003394       0x24 Src/myNRF24.o
                0x08003394                ceLow
 .text.irqRead  0x080033b8       0x2c Src/myNRF24.o
                0x080033b8                irqRead
 .text.writeReg
                0x080033e4       0x70 Src/myNRF24.o
                0x080033e4                writeReg
 .text.setRXbufferSize.part.10
                0x08003454       0x3a Src/myNRF24.o
 *fill*         0x0800348e        0x2 
 .text.writeRegMulti
                0x08003490       0x30 Src/myNRF24.o
                0x08003490                writeRegMulti
 .text.readReg  0x080034c0       0x1c Src/myNRF24.o
                0x080034c0                readReg
 .text.readRegMulti
                0x080034dc       0x48 Src/myNRF24.o
                0x080034dc                readRegMulti
 .text.reset    0x08003524      0x130 Src/myNRF24.o
                0x08003524                reset
 .text.setTXaddress
                0x08003654       0x20 Src/myNRF24.o
                0x08003654                setTXaddress
 .text.setFreqChannel
                0x08003674       0x18 Src/myNRF24.o
                0x08003674                setFreqChannel
 .text.setDataPipeArray
                0x0800368c       0x38 Src/myNRF24.o
                0x0800368c                setDataPipeArray
 .text.TXinterrupts
                0x080036c4       0x1e Src/myNRF24.o
                0x080036c4                TXinterrupts
 .text.flushTX  0x080036e2       0x24 Src/myNRF24.o
                0x080036e2                flushTX
 .text.powerUpTX
                0x08003706       0x2c Src/myNRF24.o
                0x08003706                powerUpTX
 .text.flushRX  0x08003732       0x24 Src/myNRF24.o
                0x08003732                flushRX
 .text.NRFinit  0x08003756       0x36 Src/myNRF24.o
                0x08003756                NRFinit
 .text.sendData
                0x0800378c       0x64 Src/myNRF24.o
                0x0800378c                sendData
 .text.setLowSpeed
                0x080037f0       0x1e Src/myNRF24.o
                0x080037f0                setLowSpeed
 .text.enableAutoRetransmitSlow
                0x0800380e        0x8 Src/myNRF24.o
                0x0800380e                enableAutoRetransmitSlow
 *fill*         0x08003816        0x2 
 .text.printAllRegisters
                0x08003818       0xc8 Src/myNRF24.o
                0x08003818                printAllRegisters
 .text.initBase
                0x080038e0       0x6e Src/myNRF24.o
                0x080038e0                initBase
 .text.sendPacketPart1
                0x0800394e       0x40 Src/myNRF24.o
                0x0800394e                sendPacketPart1
 *fill*         0x0800398e        0x2 
 .text.waitAck  0x08003990       0x64 Src/myNRF24.o
                0x08003990                waitAck
 .text.createRobotPacket
                0x080039f4       0x5e Src/packing.o
                0x080039f4                createRobotPacket
 *fill*         0x08003a52        0x2 
 .text.MX_SPI3_Init
                0x08003a54       0x4c Src/spi.o
                0x08003a54                MX_SPI3_Init
 .text.HAL_SPI_MspInit
                0x08003aa0       0x4c Src/spi.o
                0x08003aa0                HAL_SPI_MspInit
 .text.HAL_MspInit
                0x08003aec       0x7c Src/stm32f3xx_hal_msp.o
                0x08003aec                HAL_MspInit
 .text.SysTick_Handler
                0x08003b68        0xe Src/stm32f3xx_it.o
                0x08003b68                SysTick_Handler
 *fill*         0x08003b76        0x2 
 .text.USB_LP_CAN_RX0_IRQHandler
                0x08003b78        0xc Src/stm32f3xx_it.o
                0x08003b78                USB_LP_CAN_RX0_IRQHandler
 .text.MX_USB_DEVICE_Init
                0x08003b84       0x38 Src/usb_device.o
                0x08003b84                MX_USB_DEVICE_Init
 .text.CDC_DeInit_FS
                0x08003bbc        0x4 Src/usbd_cdc_if.o
 .text.CDC_Control_FS
                0x08003bc0        0x4 Src/usbd_cdc_if.o
 .text.CDC_Receive_FS
                0x08003bc4       0x3c Src/usbd_cdc_if.o
 .text.CDC_Init_FS
                0x08003c00       0x28 Src/usbd_cdc_if.o
 .text.CDC_Transmit_FS
                0x08003c28       0x2c Src/usbd_cdc_if.o
                0x08003c28                CDC_Transmit_FS
 .text.HAL_PCD_MspInit
                0x08003c54       0x5c Src/usbd_conf.o
                0x08003c54                HAL_PCD_MspInit
 .text.HAL_PCD_SetupStageCallback
                0x08003cb0        0xc Src/usbd_conf.o
                0x08003cb0                HAL_PCD_SetupStageCallback
 .text.HAL_PCD_DataOutStageCallback
                0x08003cbc       0x12 Src/usbd_conf.o
                0x08003cbc                HAL_PCD_DataOutStageCallback
 .text.HAL_PCD_DataInStageCallback
                0x08003cce       0x10 Src/usbd_conf.o
                0x08003cce                HAL_PCD_DataInStageCallback
 .text.HAL_PCD_SOFCallback
                0x08003cde        0x8 Src/usbd_conf.o
                0x08003cde                HAL_PCD_SOFCallback
 .text.HAL_PCD_ResetCallback
                0x08003ce6       0x1a Src/usbd_conf.o
                0x08003ce6                HAL_PCD_ResetCallback
 .text.HAL_PCD_SuspendCallback
                0x08003d00       0x20 Src/usbd_conf.o
                0x08003d00                HAL_PCD_SuspendCallback
 .text.HAL_PCD_ResumeCallback
                0x08003d20        0x8 Src/usbd_conf.o
                0x08003d20                HAL_PCD_ResumeCallback
 .text.USBD_LL_Init
                0x08003d28       0x84 Src/usbd_conf.o
                0x08003d28                USBD_LL_Init
 .text.USBD_LL_Start
                0x08003dac        0xe Src/usbd_conf.o
                0x08003dac                USBD_LL_Start
 .text.USBD_LL_OpenEP
                0x08003dba       0x14 Src/usbd_conf.o
                0x08003dba                USBD_LL_OpenEP
 .text.USBD_LL_CloseEP
                0x08003dce        0xe Src/usbd_conf.o
                0x08003dce                USBD_LL_CloseEP
 .text.USBD_LL_StallEP
                0x08003ddc        0xe Src/usbd_conf.o
                0x08003ddc                USBD_LL_StallEP
 .text.USBD_LL_ClearStallEP
                0x08003dea        0xe Src/usbd_conf.o
                0x08003dea                USBD_LL_ClearStallEP
 .text.USBD_LL_IsStallEP
                0x08003df8       0x26 Src/usbd_conf.o
                0x08003df8                USBD_LL_IsStallEP
 .text.USBD_LL_SetUSBAddress
                0x08003e1e        0xe Src/usbd_conf.o
                0x08003e1e                USBD_LL_SetUSBAddress
 .text.USBD_LL_Transmit
                0x08003e2c        0xe Src/usbd_conf.o
                0x08003e2c                USBD_LL_Transmit
 .text.USBD_LL_PrepareReceive
                0x08003e3a        0xe Src/usbd_conf.o
                0x08003e3a                USBD_LL_PrepareReceive
 .text.USBD_LL_GetRxDataSize
                0x08003e48        0xc Src/usbd_conf.o
                0x08003e48                USBD_LL_GetRxDataSize
 .text.USBD_static_malloc
                0x08003e54        0x8 Src/usbd_conf.o
                0x08003e54                USBD_static_malloc
 .text.USBD_static_free
                0x08003e5c        0x2 Src/usbd_conf.o
                0x08003e5c                USBD_static_free
 .text.HAL_PCDEx_SetConnectionState
                0x08003e5e        0x2 Src/usbd_conf.o
                0x08003e5e                HAL_PCDEx_SetConnectionState
 .text.USBD_FS_DeviceDescriptor
                0x08003e60        0xc Src/usbd_desc.o
                0x08003e60                USBD_FS_DeviceDescriptor
 .text.USBD_FS_LangIDStrDescriptor
                0x08003e6c        0xc Src/usbd_desc.o
                0x08003e6c                USBD_FS_LangIDStrDescriptor
 .text.USBD_FS_ManufacturerStrDescriptor
                0x08003e78       0x1c Src/usbd_desc.o
                0x08003e78                USBD_FS_ManufacturerStrDescriptor
 .text.USBD_FS_ProductStrDescriptor
                0x08003e94       0x1c Src/usbd_desc.o
                0x08003e94                USBD_FS_ProductStrDescriptor
 .text.USBD_FS_SerialStrDescriptor
                0x08003eb0       0x1c Src/usbd_desc.o
                0x08003eb0                USBD_FS_SerialStrDescriptor
 .text.USBD_FS_ConfigStrDescriptor
                0x08003ecc       0x1c Src/usbd_desc.o
                0x08003ecc                USBD_FS_ConfigStrDescriptor
 .text.USBD_FS_InterfaceStrDescriptor
                0x08003ee8       0x1c Src/usbd_desc.o
                0x08003ee8                USBD_FS_InterfaceStrDescriptor
 .text.__libc_init_array
                0x08003f04       0x4c c:/ac6/systemworkbench/plugins/fr.ac6.mcu.externaltools.arm-none.win32_1.7.0.201602121829/tools/compiler/bin/../lib/gcc/arm-none-eabi/5.2.1/../../../../arm-none-eabi/lib/armv7e-m/fpu\libc_nano.a(lib_a-init.o)
                0x08003f04                __libc_init_array
 .text.memcpy   0x08003f50       0x16 c:/ac6/systemworkbench/plugins/fr.ac6.mcu.externaltools.arm-none.win32_1.7.0.201602121829/tools/compiler/bin/../lib/gcc/arm-none-eabi/5.2.1/../../../../arm-none-eabi/lib/armv7e-m/fpu\libc_nano.a(lib_a-memcpy-stub.o)
                0x08003f50                memcpy
 *fill*         0x08003f66        0x2 
 .text.sprintf  0x08003f68       0x48 c:/ac6/systemworkbench/plugins/fr.ac6.mcu.externaltools.arm-none.win32_1.7.0.201602121829/tools/compiler/bin/../lib/gcc/arm-none-eabi/5.2.1/../../../../arm-none-eabi/lib/armv7e-m/fpu\libc_nano.a(lib_a-sprintf.o)
                0x08003f68                siprintf
                0x08003f68                sprintf
 .text.strchr   0x08003fb0       0x1c c:/ac6/systemworkbench/plugins/fr.ac6.mcu.externaltools.arm-none.win32_1.7.0.201602121829/tools/compiler/bin/../lib/gcc/arm-none-eabi/5.2.1/../../../../arm-none-eabi/lib/armv7e-m/fpu\libc_nano.a(lib_a-strchr.o)
                0x08003fb0                strchr
 .text.__ssputs_r
                0x08003fcc       0xb2 c:/ac6/systemworkbench/plugins/fr.ac6.mcu.externaltools.arm-none.win32_1.7.0.201602121829/tools/compiler/bin/../lib/gcc/arm-none-eabi/5.2.1/../../../../arm-none-eabi/lib/armv7e-m/fpu\libc_nano.a(lib_a-nano-svfprintf.o)
                0x08003fcc                __ssputs_r
 *fill*         0x0800407e        0x2 
 .text._svfprintf_r
                0x08004080      0x1e8 c:/ac6/systemworkbench/plugins/fr.ac6.mcu.externaltools.arm-none.win32_1.7.0.201602121829/tools/compiler/bin/../lib/gcc/arm-none-eabi/5.2.1/../../../../arm-none-eabi/lib/armv7e-m/fpu\libc_nano.a(lib_a-nano-svfprintf.o)
                0x08004080                _svfiprintf_r
                0x08004080                _svfprintf_r
 .text._printf_common
                0x08004268       0xec c:/ac6/systemworkbench/plugins/fr.ac6.mcu.externaltools.arm-none.win32_1.7.0.201602121829/tools/compiler/bin/../lib/gcc/arm-none-eabi/5.2.1/../../../../arm-none-eabi/lib/armv7e-m/fpu\libc_nano.a(lib_a-nano-vfprintf_i.o)
                0x08004268                _printf_common
 .text._printf_i
                0x08004354      0x24c c:/ac6/systemworkbench/plugins/fr.ac6.mcu.externaltools.arm-none.win32_1.7.0.201602121829/tools/compiler/bin/../lib/gcc/arm-none-eabi/5.2.1/../../../../arm-none-eabi/lib/armv7e-m/fpu\libc_nano.a(lib_a-nano-vfprintf_i.o)
                0x08004354                _printf_i
 .text.memmove  0x080045a0       0x36 c:/ac6/systemworkbench/plugins/fr.ac6.mcu.externaltools.arm-none.win32_1.7.0.201602121829/tools/compiler/bin/../lib/gcc/arm-none-eabi/5.2.1/../../../../arm-none-eabi/lib/armv7e-m/fpu\libc_nano.a(lib_a-memmove.o)
                0x080045a0                memmove
 *fill*         0x080045d6        0x2 
 .text._free_r  0x080045d8       0x8c c:/ac6/systemworkbench/plugins/fr.ac6.mcu.externaltools.arm-none.win32_1.7.0.201602121829/tools/compiler/bin/../lib/gcc/arm-none-eabi/5.2.1/../../../../arm-none-eabi/lib/armv7e-m/fpu\libc_nano.a(lib_a-nano-freer.o)
                0x080045d8                _free_r
 .text._malloc_r
                0x08004664       0xa8 c:/ac6/systemworkbench/plugins/fr.ac6.mcu.externaltools.arm-none.win32_1.7.0.201602121829/tools/compiler/bin/../lib/gcc/arm-none-eabi/5.2.1/../../../../arm-none-eabi/lib/armv7e-m/fpu\libc_nano.a(lib_a-nano-mallocr.o)
                0x08004664                _malloc_r
 .text._realloc_r
                0x0800470c       0x4c c:/ac6/systemworkbench/plugins/fr.ac6.mcu.externaltools.arm-none.win32_1.7.0.201602121829/tools/compiler/bin/../lib/gcc/arm-none-eabi/5.2.1/../../../../arm-none-eabi/lib/armv7e-m/fpu\libc_nano.a(lib_a-nano-reallocr.o)
                0x0800470c                _realloc_r
 .text._sbrk_r  0x08004758       0x20 c:/ac6/systemworkbench/plugins/fr.ac6.mcu.externaltools.arm-none.win32_1.7.0.201602121829/tools/compiler/bin/../lib/gcc/arm-none-eabi/5.2.1/../../../../arm-none-eabi/lib/armv7e-m/fpu\libc_nano.a(lib_a-sbrkr.o)
                0x08004758                _sbrk_r
 .text._malloc_usable_size_r
                0x08004778       0x14 c:/ac6/systemworkbench/plugins/fr.ac6.mcu.externaltools.arm-none.win32_1.7.0.201602121829/tools/compiler/bin/../lib/gcc/arm-none-eabi/5.2.1/../../../../arm-none-eabi/lib/armv7e-m/fpu\libc_nano.a(lib_a-nano-msizer.o)
                0x08004778                _malloc_usable_size_r
 .text._sbrk    0x0800478c       0x1c c:/ac6/systemworkbench/plugins/fr.ac6.mcu.externaltools.arm-none.win32_1.7.0.201602121829/tools/compiler/bin/../lib/gcc/arm-none-eabi/5.2.1/../../../../arm-none-eabi/lib/armv7e-m/fpu\libnosys.a(sbrk.o)
                0x0800478c                _sbrk
 *(.glue_7)
 .glue_7        0x080047a8        0x0 linker stubs
 *(.glue_7t)
 .glue_7t       0x080047a8        0x0 linker stubs
 *(.eh_frame)
 .eh_frame      0x080047a8        0x0 c:/ac6/systemworkbench/plugins/fr.ac6.mcu.externaltools.arm-none.win32_1.7.0.201602121829/tools/compiler/bin/../lib/gcc/arm-none-eabi/5.2.1/armv7e-m/fpu/crtbegin.o
 *(.init)
 .init          0x080047a8        0x4 c:/ac6/systemworkbench/plugins/fr.ac6.mcu.externaltools.arm-none.win32_1.7.0.201602121829/tools/compiler/bin/../lib/gcc/arm-none-eabi/5.2.1/armv7e-m/fpu/crti.o
                0x080047a8                _init
 .init          0x080047ac        0x8 c:/ac6/systemworkbench/plugins/fr.ac6.mcu.externaltools.arm-none.win32_1.7.0.201602121829/tools/compiler/bin/../lib/gcc/arm-none-eabi/5.2.1/armv7e-m/fpu/crtn.o
 *(.fini)
 .fini          0x080047b4        0x4 c:/ac6/systemworkbench/plugins/fr.ac6.mcu.externaltools.arm-none.win32_1.7.0.201602121829/tools/compiler/bin/../lib/gcc/arm-none-eabi/5.2.1/armv7e-m/fpu/crti.o
                0x080047b4                _fini
 .fini          0x080047b8        0x8 c:/ac6/systemworkbench/plugins/fr.ac6.mcu.externaltools.arm-none.win32_1.7.0.201602121829/tools/compiler/bin/../lib/gcc/arm-none-eabi/5.2.1/armv7e-m/fpu/crtn.o
                0x080047c0                . = ALIGN (0x4)
                0x080047c0                _etext = .

.vfp11_veneer   0x080047c0        0x0
 .vfp11_veneer  0x080047c0        0x0 linker stubs

.v4_bx          0x080047c0        0x0
 .v4_bx         0x080047c0        0x0 linker stubs

.iplt           0x080047c0        0x0
 .iplt          0x080047c0        0x0 c:/ac6/systemworkbench/plugins/fr.ac6.mcu.externaltools.arm-none.win32_1.7.0.201602121829/tools/compiler/bin/../lib/gcc/arm-none-eabi/5.2.1/armv7e-m/fpu/crtbegin.o

.rodata         0x080047c0      0x3f0
                0x080047c0                . = ALIGN (0x4)
 *(.rodata)
 .rodata        0x080047c0       0x18 Drivers/CMSIS/Device/ST/STM32F3xx/Source/Templates/system_stm32f3xx.o
                0x080047c0                AHBPrescTable
                0x080047d0                APBPrescTable
 .rodata        0x080047d8       0x20 Drivers/STM32F3xx_HAL_Driver/Src/stm32f3xx_hal_rcc.o
                0x080047d8                aPLLMULFactorTable
                0x080047e8                aPredivFactorTable
 .rodata        0x080047f8        0x5 Src/main.o
 .rodata        0x080047fd        0xb Src/myNRF24.o
 *(.rodata*)
 .rodata.str1.1
                0x08004808      0x321 Src/myNRF24.o
                                0x32d (size before relaxing)
 .rodata.str1.1
                0x08004b29       0x4f Src/usbd_desc.o
 .rodata.str1.1
                0x08004b78        0x2 c:/ac6/systemworkbench/plugins/fr.ac6.mcu.externaltools.arm-none.win32_1.7.0.201602121829/tools/compiler/bin/../lib/gcc/arm-none-eabi/5.2.1/../../../../arm-none-eabi/lib/armv7e-m/fpu\libc_nano.a(lib_a-impure.o)
 .rodata.str1.1
                0x08004b7a       0x11 c:/ac6/systemworkbench/plugins/fr.ac6.mcu.externaltools.arm-none.win32_1.7.0.201602121829/tools/compiler/bin/../lib/gcc/arm-none-eabi/5.2.1/../../../../arm-none-eabi/lib/armv7e-m/fpu\libc_nano.a(lib_a-nano-svfprintf.o)
 .rodata.str1.1
                0x08004b8b       0x22 c:/ac6/systemworkbench/plugins/fr.ac6.mcu.externaltools.arm-none.win32_1.7.0.201602121829/tools/compiler/bin/../lib/gcc/arm-none-eabi/5.2.1/../../../../arm-none-eabi/lib/armv7e-m/fpu\libc_nano.a(lib_a-nano-vfprintf_i.o)
                0x08004bb0                . = ALIGN (0x4)
 *fill*         0x08004bad        0x3 

.rel.dyn        0x08004bb0        0x0
 .rel.iplt      0x08004bb0        0x0 c:/ac6/systemworkbench/plugins/fr.ac6.mcu.externaltools.arm-none.win32_1.7.0.201602121829/tools/compiler/bin/../lib/gcc/arm-none-eabi/5.2.1/armv7e-m/fpu/crtbegin.o

.ARM.extab
 *(.ARM.extab* .gnu.linkonce.armextab.*)

.ARM            0x08004bb0        0x0
                0x08004bb0                __exidx_start = .
 *(.ARM.exidx*)
                0x08004bb0                __exidx_end = .

.preinit_array  0x08004bb0        0x0
                0x08004bb0                PROVIDE (__preinit_array_start, .)
 *(.preinit_array*)
                0x08004bb0                PROVIDE (__preinit_array_end, .)

.init_array     0x08004bb0        0x4
                0x08004bb0                PROVIDE (__init_array_start, .)
 *(SORT(.init_array.*))
 *(.init_array*)
 .init_array    0x08004bb0        0x4 c:/ac6/systemworkbench/plugins/fr.ac6.mcu.externaltools.arm-none.win32_1.7.0.201602121829/tools/compiler/bin/../lib/gcc/arm-none-eabi/5.2.1/armv7e-m/fpu/crtbegin.o
                0x08004bb4                PROVIDE (__init_array_end, .)

.fini_array     0x08004bb4        0x4
                [!provide]                PROVIDE (__fini_array_start, .)
 *(SORT(.fini_array.*))
 *(.fini_array*)
 .fini_array    0x08004bb4        0x4 c:/ac6/systemworkbench/plugins/fr.ac6.mcu.externaltools.arm-none.win32_1.7.0.201602121829/tools/compiler/bin/../lib/gcc/arm-none-eabi/5.2.1/armv7e-m/fpu/crtbegin.o
                [!provide]                PROVIDE (__fini_array_end, .)
                0x08004bb8                _sidata = LOADADDR (.data)

.data           0x20000000      0x1bc load address 0x08004bb8
                0x20000000                . = ALIGN (0x4)
                0x20000000                _sdata = .
 *(.data)
 .data          0x20000000        0x4 Drivers/CMSIS/Device/ST/STM32F3xx/Source/Templates/system_stm32f3xx.o
                0x20000000                SystemCoreClock
 .data          0x20000004      0x110 Middlewares/ST/STM32_USB_Device_Library/Class/CDC/Src/usbd_cdc.o
                0x20000004                USBD_CDC_CfgFSDesc
                0x20000048                USBD_CDC_CfgHSDesc
                0x2000008c                USBD_CDC_OtherSpeedCfgDesc
                0x200000dc                USBD_CDC
 .data          0x20000114       0x10 Src/usbd_cdc_if.o
                0x20000114                USBD_Interface_fops_FS
 .data          0x20000124       0x34 Src/usbd_desc.o
                0x20000124                USBD_FS_DeviceDesc
                0x20000138                USBD_LangIDDesc
                0x2000013c                FS_Desc
 *(.data*)
 .data.impure_data
                0x20000158       0x60 c:/ac6/systemworkbench/plugins/fr.ac6.mcu.externaltools.arm-none.win32_1.7.0.201602121829/tools/compiler/bin/../lib/gcc/arm-none-eabi/5.2.1/../../../../arm-none-eabi/lib/armv7e-m/fpu\libc_nano.a(lib_a-impure.o)
 .data._impure_ptr
                0x200001b8        0x4 c:/ac6/systemworkbench/plugins/fr.ac6.mcu.externaltools.arm-none.win32_1.7.0.201602121829/tools/compiler/bin/../lib/gcc/arm-none-eabi/5.2.1/../../../../arm-none-eabi/lib/armv7e-m/fpu\libc_nano.a(lib_a-impure.o)
                0x200001b8                _impure_ptr
                0x200001bc                . = ALIGN (0x4)
                0x200001bc                _edata = .
                0x08004d74                _siccmram = LOADADDR (.ccmram)

.jcr            0x200001bc        0x0 load address 0x08004d74
 .jcr           0x200001bc        0x0 c:/ac6/systemworkbench/plugins/fr.ac6.mcu.externaltools.arm-none.win32_1.7.0.201602121829/tools/compiler/bin/../lib/gcc/arm-none-eabi/5.2.1/armv7e-m/fpu/crtbegin.o

.tm_clone_table
                0x200001bc        0x0 load address 0x08004d74
 .tm_clone_table
                0x200001bc        0x0 c:/ac6/systemworkbench/plugins/fr.ac6.mcu.externaltools.arm-none.win32_1.7.0.201602121829/tools/compiler/bin/../lib/gcc/arm-none-eabi/5.2.1/armv7e-m/fpu/crtbegin.o
 .tm_clone_table
                0x200001bc        0x0 c:/ac6/systemworkbench/plugins/fr.ac6.mcu.externaltools.arm-none.win32_1.7.0.201602121829/tools/compiler/bin/../lib/gcc/arm-none-eabi/5.2.1/armv7e-m/fpu/crtend.o

.igot.plt       0x200001bc        0x0 load address 0x08004d74
 .igot.plt      0x200001bc        0x0 c:/ac6/systemworkbench/plugins/fr.ac6.mcu.externaltools.arm-none.win32_1.7.0.201602121829/tools/compiler/bin/../lib/gcc/arm-none-eabi/5.2.1/armv7e-m/fpu/crtbegin.o

.ccmram         0x10000000        0x0 load address 0x08004d74
                0x10000000                . = ALIGN (0x4)
                0x10000000                _sccmram = .
 *(.ccmram)
 *(.ccmram*)
                0x10000000                . = ALIGN (0x4)
                0x10000000                _eccmram = .
                0x10000000                . = ALIGN (0x4)

.bss            0x200001bc      0xed8
                0x200001bc                _sbss = .
                0x200001bc                __bss_start__ = _sbss
 *(.bss)
 .bss           0x200001bc       0x1c c:/ac6/systemworkbench/plugins/fr.ac6.mcu.externaltools.arm-none.win32_1.7.0.201602121829/tools/compiler/bin/../lib/gcc/arm-none-eabi/5.2.1/armv7e-m/fpu/crtbegin.o
 .bss           0x200001d8        0x1 Middlewares/ST/STM32_USB_Device_Library/Class/CDC/Src/usbd_cdc.o
 .bss           0x200001d9        0x1 Middlewares/ST/STM32_USB_Device_Library/Core/Src/usbd_ctlreq.o
 *fill*         0x200001da        0x2 
 .bss           0x200001dc        0x4 Src/usbd_cdc_if.o
                0x200001dc                usbLength
 .bss           0x200001e0      0x220 Src/usbd_conf.o
 *(.bss*)
 .bss.__malloc_sbrk_start
                0x20000400        0x4 c:/ac6/systemworkbench/plugins/fr.ac6.mcu.externaltools.arm-none.win32_1.7.0.201602121829/tools/compiler/bin/../lib/gcc/arm-none-eabi/5.2.1/../../../../arm-none-eabi/lib/armv7e-m/fpu\libc_nano.a(lib_a-nano-mallocr.o)
                0x20000400                __malloc_sbrk_start
 .bss.__malloc_free_list
                0x20000404        0x4 c:/ac6/systemworkbench/plugins/fr.ac6.mcu.externaltools.arm-none.win32_1.7.0.201602121829/tools/compiler/bin/../lib/gcc/arm-none-eabi/5.2.1/../../../../arm-none-eabi/lib/armv7e-m/fpu\libc_nano.a(lib_a-nano-mallocr.o)
                0x20000404                __malloc_free_list
 .bss.heap_end.4169
                0x20000408        0x4 c:/ac6/systemworkbench/plugins/fr.ac6.mcu.externaltools.arm-none.win32_1.7.0.201602121829/tools/compiler/bin/../lib/gcc/arm-none-eabi/5.2.1/../../../../arm-none-eabi/lib/armv7e-m/fpu\libnosys.a(sbrk.o)
 *(COMMON)
 COMMON         0x2000040c        0x4 Drivers/STM32F3xx_HAL_Driver/Src/stm32f3xx_hal.o
                0x2000040c                uwTick
 COMMON         0x20000410      0x400 Src/TextOut.o
                0x20000410                smallStrBuffer
 COMMON         0x20000810       0x64 Src/spi.o
                0x20000810                hspi3
 COMMON         0x20000874      0x224 Src/usb_device.o
                0x20000874                hUsbDeviceFS
 COMMON         0x20000a98       0x50 Src/usbd_cdc_if.o
                0x20000a98                UserRxBufferFS
                0x20000aa0                usbData
                0x20000ae0                UserTxBufferFS
 COMMON         0x20000ae8      0x3a8 Src/usbd_conf.o
                0x20000ae8                hpcd_USB_FS
 COMMON         0x20000e90      0x200 Src/usbd_desc.o
                0x20000e90                USBD_StrDesc
 COMMON         0x20001090        0x4 c:/ac6/systemworkbench/plugins/fr.ac6.mcu.externaltools.arm-none.win32_1.7.0.201602121829/tools/compiler/bin/../lib/gcc/arm-none-eabi/5.2.1/../../../../arm-none-eabi/lib/armv7e-m/fpu\libc_nano.a(lib_a-reent.o)
                0x20001090                errno
                0x20001094                . = ALIGN (0x4)
                0x20001094                _ebss = .
                0x20001094                __bss_end__ = _ebss

._user_heap_stack
                0x20001094      0x604
                0x20001098                . = ALIGN (0x8)
 *fill*         0x20001094        0x4 
                0x20001098                PROVIDE (end, .)
                [!provide]                PROVIDE (_end, .)
                0x20001298                . = (. + _Min_Heap_Size)
 *fill*         0x20001098      0x200 
                0x20001698                . = (. + _Min_Stack_Size)
 *fill*         0x20001298      0x400 
                0x20001698                . = ALIGN (0x8)

/DISCARD/
 libc.a(*)
 libm.a(*)
 libgcc.a(*)

.ARM.attributes
                0x00000000       0x30
 *(.ARM.attributes)
 .ARM.attributes
                0x00000000       0x22 c:/ac6/systemworkbench/plugins/fr.ac6.mcu.externaltools.arm-none.win32_1.7.0.201602121829/tools/compiler/bin/../lib/gcc/arm-none-eabi/5.2.1/armv7e-m/fpu/crti.o
 .ARM.attributes
                0x00000022       0x34 c:/ac6/systemworkbench/plugins/fr.ac6.mcu.externaltools.arm-none.win32_1.7.0.201602121829/tools/compiler/bin/../lib/gcc/arm-none-eabi/5.2.1/armv7e-m/fpu/crtbegin.o
 .ARM.attributes
                0x00000056       0x21 Drivers/CMSIS/Device/ST/STM32F3xx/Source/Templates/gcc/startup_stm32f303xc.o
 .ARM.attributes
                0x00000077       0x39 Drivers/CMSIS/Device/ST/STM32F3xx/Source/Templates/system_stm32f3xx.o
 .ARM.attributes
                0x000000b0       0x39 Drivers/STM32F3xx_HAL_Driver/Src/stm32f3xx_hal.o
 .ARM.attributes
                0x000000e9       0x39 Drivers/STM32F3xx_HAL_Driver/Src/stm32f3xx_hal_cortex.o
 .ARM.attributes
                0x00000122       0x39 Drivers/STM32F3xx_HAL_Driver/Src/stm32f3xx_hal_gpio.o
 .ARM.attributes
                0x0000015b       0x39 Drivers/STM32F3xx_HAL_Driver/Src/stm32f3xx_hal_pcd.o
 .ARM.attributes
                0x00000194       0x39 Drivers/STM32F3xx_HAL_Driver/Src/stm32f3xx_hal_pcd_ex.o
 .ARM.attributes
                0x000001cd       0x39 Drivers/STM32F3xx_HAL_Driver/Src/stm32f3xx_hal_rcc.o
 .ARM.attributes
                0x00000206       0x39 Drivers/STM32F3xx_HAL_Driver/Src/stm32f3xx_hal_rcc_ex.o
 .ARM.attributes
                0x0000023f       0x39 Drivers/STM32F3xx_HAL_Driver/Src/stm32f3xx_hal_spi.o
 .ARM.attributes
                0x00000278       0x39 Middlewares/ST/STM32_USB_Device_Library/Class/CDC/Src/usbd_cdc.o
 .ARM.attributes
                0x000002b1       0x39 Middlewares/ST/STM32_USB_Device_Library/Core/Src/usbd_core.o
 .ARM.attributes
                0x000002ea       0x39 Middlewares/ST/STM32_USB_Device_Library/Core/Src/usbd_ctlreq.o
 .ARM.attributes
                0x00000323       0x39 Middlewares/ST/STM32_USB_Device_Library/Core/Src/usbd_ioreq.o
 .ARM.attributes
                0x0000035c       0x39 Src/TextOut.o
 .ARM.attributes
                0x00000395       0x39 Src/gpio.o
 .ARM.attributes
                0x000003ce       0x39 Src/main.o
 .ARM.attributes
                0x00000407       0x39 Src/myNRF24.o
 .ARM.attributes
                0x00000440       0x39 Src/packing.o
 .ARM.attributes
                0x00000479       0x39 Src/spi.o
 .ARM.attributes
                0x000004b2       0x39 Src/stm32f3xx_hal_msp.o
 .ARM.attributes
                0x000004eb       0x39 Src/stm32f3xx_it.o
 .ARM.attributes
                0x00000524       0x39 Src/usb_device.o
 .ARM.attributes
                0x0000055d       0x39 Src/usbd_cdc_if.o
 .ARM.attributes
                0x00000596       0x39 Src/usbd_conf.o
 .ARM.attributes
                0x000005cf       0x39 Src/usbd_desc.o
 .ARM.attributes
                0x00000608       0x34 c:/ac6/systemworkbench/plugins/fr.ac6.mcu.externaltools.arm-none.win32_1.7.0.201602121829/tools/compiler/bin/../lib/gcc/arm-none-eabi/5.2.1/../../../../arm-none-eabi/lib/armv7e-m/fpu\libc_nano.a(lib_a-impure.o)
 .ARM.attributes
                0x0000063c       0x34 c:/ac6/systemworkbench/plugins/fr.ac6.mcu.externaltools.arm-none.win32_1.7.0.201602121829/tools/compiler/bin/../lib/gcc/arm-none-eabi/5.2.1/../../../../arm-none-eabi/lib/armv7e-m/fpu\libc_nano.a(lib_a-init.o)
 .ARM.attributes
                0x00000670       0x34 c:/ac6/systemworkbench/plugins/fr.ac6.mcu.externaltools.arm-none.win32_1.7.0.201602121829/tools/compiler/bin/../lib/gcc/arm-none-eabi/5.2.1/../../../../arm-none-eabi/lib/armv7e-m/fpu\libc_nano.a(lib_a-memcpy-stub.o)
 .ARM.attributes
                0x000006a4       0x34 c:/ac6/systemworkbench/plugins/fr.ac6.mcu.externaltools.arm-none.win32_1.7.0.201602121829/tools/compiler/bin/../lib/gcc/arm-none-eabi/5.2.1/../../../../arm-none-eabi/lib/armv7e-m/fpu\libc_nano.a(lib_a-sprintf.o)
 .ARM.attributes
                0x000006d8       0x34 c:/ac6/systemworkbench/plugins/fr.ac6.mcu.externaltools.arm-none.win32_1.7.0.201602121829/tools/compiler/bin/../lib/gcc/arm-none-eabi/5.2.1/../../../../arm-none-eabi/lib/armv7e-m/fpu\libc_nano.a(lib_a-strchr.o)
 .ARM.attributes
                0x0000070c       0x1b c:/ac6/systemworkbench/plugins/fr.ac6.mcu.externaltools.arm-none.win32_1.7.0.201602121829/tools/compiler/bin/../lib/gcc/arm-none-eabi/5.2.1/../../../../arm-none-eabi/lib/armv7e-m/fpu\libc_nano.a(lib_a-strlen.o)
 .ARM.attributes
                0x00000727       0x34 c:/ac6/systemworkbench/plugins/fr.ac6.mcu.externaltools.arm-none.win32_1.7.0.201602121829/tools/compiler/bin/../lib/gcc/arm-none-eabi/5.2.1/../../../../arm-none-eabi/lib/armv7e-m/fpu\libc_nano.a(lib_a-nano-svfprintf.o)
 .ARM.attributes
                0x0000075b       0x34 c:/ac6/systemworkbench/plugins/fr.ac6.mcu.externaltools.arm-none.win32_1.7.0.201602121829/tools/compiler/bin/../lib/gcc/arm-none-eabi/5.2.1/../../../../arm-none-eabi/lib/armv7e-m/fpu\libc_nano.a(lib_a-nano-vfprintf_i.o)
 .ARM.attributes
                0x0000078f       0x20 c:/ac6/systemworkbench/plugins/fr.ac6.mcu.externaltools.arm-none.win32_1.7.0.201602121829/tools/compiler/bin/../lib/gcc/arm-none-eabi/5.2.1/../../../../arm-none-eabi/lib/armv7e-m/fpu\libc_nano.a(lib_a-memchr.o)
 .ARM.attributes
                0x000007af       0x34 c:/ac6/systemworkbench/plugins/fr.ac6.mcu.externaltools.arm-none.win32_1.7.0.201602121829/tools/compiler/bin/../lib/gcc/arm-none-eabi/5.2.1/../../../../arm-none-eabi/lib/armv7e-m/fpu\libc_nano.a(lib_a-memmove.o)
 .ARM.attributes
                0x000007e3       0x34 c:/ac6/systemworkbench/plugins/fr.ac6.mcu.externaltools.arm-none.win32_1.7.0.201602121829/tools/compiler/bin/../lib/gcc/arm-none-eabi/5.2.1/../../../../arm-none-eabi/lib/armv7e-m/fpu\libc_nano.a(lib_a-nano-freer.o)
 .ARM.attributes
                0x00000817       0x34 c:/ac6/systemworkbench/plugins/fr.ac6.mcu.externaltools.arm-none.win32_1.7.0.201602121829/tools/compiler/bin/../lib/gcc/arm-none-eabi/5.2.1/../../../../arm-none-eabi/lib/armv7e-m/fpu\libc_nano.a(lib_a-nano-mallocr.o)
 .ARM.attributes
                0x0000084b       0x34 c:/ac6/systemworkbench/plugins/fr.ac6.mcu.externaltools.arm-none.win32_1.7.0.201602121829/tools/compiler/bin/../lib/gcc/arm-none-eabi/5.2.1/../../../../arm-none-eabi/lib/armv7e-m/fpu\libc_nano.a(lib_a-nano-reallocr.o)
 .ARM.attributes
                0x0000087f       0x34 c:/ac6/systemworkbench/plugins/fr.ac6.mcu.externaltools.arm-none.win32_1.7.0.201602121829/tools/compiler/bin/../lib/gcc/arm-none-eabi/5.2.1/../../../../arm-none-eabi/lib/armv7e-m/fpu\libc_nano.a(lib_a-sbrkr.o)
 .ARM.attributes
                0x000008b3       0x34 c:/ac6/systemworkbench/plugins/fr.ac6.mcu.externaltools.arm-none.win32_1.7.0.201602121829/tools/compiler/bin/../lib/gcc/arm-none-eabi/5.2.1/../../../../arm-none-eabi/lib/armv7e-m/fpu\libc_nano.a(lib_a-nano-msizer.o)
 .ARM.attributes
                0x000008e7       0x34 c:/ac6/systemworkbench/plugins/fr.ac6.mcu.externaltools.arm-none.win32_1.7.0.201602121829/tools/compiler/bin/../lib/gcc/arm-none-eabi/5.2.1/../../../../arm-none-eabi/lib/armv7e-m/fpu\libc_nano.a(lib_a-reent.o)
 .ARM.attributes
                0x0000091b       0x34 c:/ac6/systemworkbench/plugins/fr.ac6.mcu.externaltools.arm-none.win32_1.7.0.201602121829/tools/compiler/bin/../lib/gcc/arm-none-eabi/5.2.1/../../../../arm-none-eabi/lib/armv7e-m/fpu\libnosys.a(sbrk.o)
 .ARM.attributes
                0x0000094f       0x34 c:/ac6/systemworkbench/plugins/fr.ac6.mcu.externaltools.arm-none.win32_1.7.0.201602121829/tools/compiler/bin/../lib/gcc/arm-none-eabi/5.2.1/armv7e-m/fpu/crtend.o
 .ARM.attributes
                0x00000983       0x22 c:/ac6/systemworkbench/plugins/fr.ac6.mcu.externaltools.arm-none.win32_1.7.0.201602121829/tools/compiler/bin/../lib/gcc/arm-none-eabi/5.2.1/armv7e-m/fpu/crtn.o
OUTPUT(Basestation.elf elf32-littlearm)

.debug_line     0x00000000     0xf83b
 .debug_line    0x00000000       0xae Drivers/CMSIS/Device/ST/STM32F3xx/Source/Templates/gcc/startup_stm32f303xc.o
 .debug_line    0x000000ae      0x7f8 Drivers/CMSIS/Device/ST/STM32F3xx/Source/Templates/system_stm32f3xx.o
 .debug_line    0x000008a6      0x8e7 Drivers/STM32F3xx_HAL_Driver/Src/stm32f3xx_hal.o
 .debug_line    0x0000118d      0x994 Drivers/STM32F3xx_HAL_Driver/Src/stm32f3xx_hal_cortex.o
 .debug_line    0x00001b21      0x93f Drivers/STM32F3xx_HAL_Driver/Src/stm32f3xx_hal_gpio.o
 .debug_line    0x00002460      0xca5 Drivers/STM32F3xx_HAL_Driver/Src/stm32f3xx_hal_pcd.o
 .debug_line    0x00003105      0x814 Drivers/STM32F3xx_HAL_Driver/Src/stm32f3xx_hal_pcd_ex.o
 .debug_line    0x00003919      0xcbd Drivers/STM32F3xx_HAL_Driver/Src/stm32f3xx_hal_rcc.o
 .debug_line    0x000045d6      0x9bb Drivers/STM32F3xx_HAL_Driver/Src/stm32f3xx_hal_rcc_ex.o
 .debug_line    0x00004f91     0x10d6 Drivers/STM32F3xx_HAL_Driver/Src/stm32f3xx_hal_spi.o
 .debug_line    0x00006067      0xa85 Middlewares/ST/STM32_USB_Device_Library/Class/CDC/Src/usbd_cdc.o
 .debug_line    0x00006aec      0xa48 Middlewares/ST/STM32_USB_Device_Library/Core/Src/usbd_core.o
 .debug_line    0x00007534      0x99c Middlewares/ST/STM32_USB_Device_Library/Core/Src/usbd_ctlreq.o
 .debug_line    0x00007ed0      0x912 Middlewares/ST/STM32_USB_Device_Library/Core/Src/usbd_ioreq.o
 .debug_line    0x000087e2      0x925 Src/TextOut.o
 .debug_line    0x00009107      0x7d9 Src/gpio.o
 .debug_line    0x000098e0      0x9dc Src/main.o
 .debug_line    0x0000a2bc      0xee3 Src/myNRF24.o
 .debug_line    0x0000b19f      0x913 Src/packing.o
 .debug_line    0x0000bab2      0x7e7 Src/spi.o
 .debug_line    0x0000c299      0x79c Src/stm32f3xx_hal_msp.o
 .debug_line    0x0000ca35      0x7af Src/stm32f3xx_it.o
 .debug_line    0x0000d1e4      0x90d Src/usb_device.o
 .debug_line    0x0000daf1      0x941 Src/usbd_cdc_if.o
 .debug_line    0x0000e432      0xb22 Src/usbd_conf.o
 .debug_line    0x0000ef54      0x8e7 Src/usbd_desc.o

.debug_info     0x00000000    0x11fb2
 .debug_info    0x00000000       0xa4 Drivers/CMSIS/Device/ST/STM32F3xx/Source/Templates/gcc/startup_stm32f303xc.o
 .debug_info    0x000000a4      0x3ea Drivers/CMSIS/Device/ST/STM32F3xx/Source/Templates/system_stm32f3xx.o
 .debug_info    0x0000048e      0x6f1 Drivers/STM32F3xx_HAL_Driver/Src/stm32f3xx_hal.o
 .debug_info    0x00000b7f      0xe1b Drivers/STM32F3xx_HAL_Driver/Src/stm32f3xx_hal_cortex.o
 .debug_info    0x0000199a      0x675 Drivers/STM32F3xx_HAL_Driver/Src/stm32f3xx_hal_gpio.o
 .debug_info    0x0000200f      0xfb6 Drivers/STM32F3xx_HAL_Driver/Src/stm32f3xx_hal_pcd.o
 .debug_info    0x00002fc5      0x69e Drivers/STM32F3xx_HAL_Driver/Src/stm32f3xx_hal_pcd_ex.o
 .debug_info    0x00003663     0x1322 Drivers/STM32F3xx_HAL_Driver/Src/stm32f3xx_hal_rcc.o
 .debug_info    0x00004985      0x6b4 Drivers/STM32F3xx_HAL_Driver/Src/stm32f3xx_hal_rcc_ex.o
 .debug_info    0x00005039     0x1b79 Drivers/STM32F3xx_HAL_Driver/Src/stm32f3xx_hal_spi.o
 .debug_info    0x00006bb2      0xc84 Middlewares/ST/STM32_USB_Device_Library/Class/CDC/Src/usbd_cdc.o
 .debug_info    0x00007836      0xbdd Middlewares/ST/STM32_USB_Device_Library/Core/Src/usbd_core.o
 .debug_info    0x00008413      0xbcb Middlewares/ST/STM32_USB_Device_Library/Core/Src/usbd_ctlreq.o
 .debug_info    0x00008fde      0x765 Middlewares/ST/STM32_USB_Device_Library/Core/Src/usbd_ioreq.o
 .debug_info    0x00009743      0x27a Src/TextOut.o
 .debug_info    0x000099bd      0x4a0 Src/gpio.o
 .debug_info    0x00009e5d      0xfb2 Src/main.o
 .debug_info    0x0000ae0f     0x32a1 Src/myNRF24.o
 .debug_info    0x0000e0b0      0x189 Src/packing.o
 .debug_info    0x0000e239      0x839 Src/spi.o
 .debug_info    0x0000ea72      0x47b Src/stm32f3xx_hal_msp.o
 .debug_info    0x0000eeed      0x521 Src/stm32f3xx_it.o
 .debug_info    0x0000f40e      0x619 Src/usb_device.o
 .debug_info    0x0000fa27      0x866 Src/usbd_cdc_if.o
 .debug_info    0x0001028d     0x1833 Src/usbd_conf.o
 .debug_info    0x00011ac0      0x4f2 Src/usbd_desc.o

.debug_abbrev   0x00000000     0x33cf
 .debug_abbrev  0x00000000       0x12 Drivers/CMSIS/Device/ST/STM32F3xx/Source/Templates/gcc/startup_stm32f303xc.o
 .debug_abbrev  0x00000012      0x104 Drivers/CMSIS/Device/ST/STM32F3xx/Source/Templates/system_stm32f3xx.o
 .debug_abbrev  0x00000116      0x1d3 Drivers/STM32F3xx_HAL_Driver/Src/stm32f3xx_hal.o
 .debug_abbrev  0x000002e9      0x316 Drivers/STM32F3xx_HAL_Driver/Src/stm32f3xx_hal_cortex.o
 .debug_abbrev  0x000005ff      0x1cb Drivers/STM32F3xx_HAL_Driver/Src/stm32f3xx_hal_gpio.o
 .debug_abbrev  0x000007ca      0x322 Drivers/STM32F3xx_HAL_Driver/Src/stm32f3xx_hal_pcd.o
 .debug_abbrev  0x00000aec      0x1b5 Drivers/STM32F3xx_HAL_Driver/Src/stm32f3xx_hal_pcd_ex.o
 .debug_abbrev  0x00000ca1      0x2cd Drivers/STM32F3xx_HAL_Driver/Src/stm32f3xx_hal_rcc.o
 .debug_abbrev  0x00000f6e      0x261 Drivers/STM32F3xx_HAL_Driver/Src/stm32f3xx_hal_rcc_ex.o
 .debug_abbrev  0x000011cf      0x366 Drivers/STM32F3xx_HAL_Driver/Src/stm32f3xx_hal_spi.o
 .debug_abbrev  0x00001535      0x259 Middlewares/ST/STM32_USB_Device_Library/Class/CDC/Src/usbd_cdc.o
 .debug_abbrev  0x0000178e      0x273 Middlewares/ST/STM32_USB_Device_Library/Core/Src/usbd_core.o
 .debug_abbrev  0x00001a01      0x2c7 Middlewares/ST/STM32_USB_Device_Library/Core/Src/usbd_ctlreq.o
 .debug_abbrev  0x00001cc8      0x158 Middlewares/ST/STM32_USB_Device_Library/Core/Src/usbd_ioreq.o
 .debug_abbrev  0x00001e20      0x126 Src/TextOut.o
 .debug_abbrev  0x00001f46      0x151 Src/gpio.o
 .debug_abbrev  0x00002097      0x239 Src/main.o
 .debug_abbrev  0x000022d0      0x440 Src/myNRF24.o
 .debug_abbrev  0x00002710       0xa2 Src/packing.o
 .debug_abbrev  0x000027b2      0x1c2 Src/spi.o
 .debug_abbrev  0x00002974      0x112 Src/stm32f3xx_hal_msp.o
 .debug_abbrev  0x00002a86      0x160 Src/stm32f3xx_it.o
 .debug_abbrev  0x00002be6      0x173 Src/usb_device.o
 .debug_abbrev  0x00002d59      0x23c Src/usbd_cdc_if.o
 .debug_abbrev  0x00002f95      0x29a Src/usbd_conf.o
 .debug_abbrev  0x0000322f      0x1a0 Src/usbd_desc.o

.debug_aranges  0x00000000      0xb70
 .debug_aranges
                0x00000000       0x28 Drivers/CMSIS/Device/ST/STM32F3xx/Source/Templates/gcc/startup_stm32f303xc.o
 .debug_aranges
                0x00000028       0x28 Drivers/CMSIS/Device/ST/STM32F3xx/Source/Templates/system_stm32f3xx.o
 .debug_aranges
                0x00000050       0xa8 Drivers/STM32F3xx_HAL_Driver/Src/stm32f3xx_hal.o
 .debug_aranges
                0x000000f8       0x98 Drivers/STM32F3xx_HAL_Driver/Src/stm32f3xx_hal_cortex.o
 .debug_aranges
                0x00000190       0x58 Drivers/STM32F3xx_HAL_Driver/Src/stm32f3xx_hal_gpio.o
 .debug_aranges
                0x000001e8       0xc0 Drivers/STM32F3xx_HAL_Driver/Src/stm32f3xx_hal_pcd.o
 .debug_aranges
                0x000002a8       0x38 Drivers/STM32F3xx_HAL_Driver/Src/stm32f3xx_hal_pcd_ex.o
 .debug_aranges
                0x000002e0       0x88 Drivers/STM32F3xx_HAL_Driver/Src/stm32f3xx_hal_rcc.o
 .debug_aranges
                0x00000368       0x38 Drivers/STM32F3xx_HAL_Driver/Src/stm32f3xx_hal_rcc_ex.o
 .debug_aranges
                0x000003a0      0x190 Drivers/STM32F3xx_HAL_Driver/Src/stm32f3xx_hal_spi.o
 .debug_aranges
                0x00000530       0x90 Middlewares/ST/STM32_USB_Device_Library/Class/CDC/Src/usbd_cdc.o
 .debug_aranges
                0x000005c0       0xa8 Middlewares/ST/STM32_USB_Device_Library/Core/Src/usbd_core.o
 .debug_aranges
                0x00000668       0x48 Middlewares/ST/STM32_USB_Device_Library/Core/Src/usbd_ctlreq.o
 .debug_aranges
                0x000006b0       0x50 Middlewares/ST/STM32_USB_Device_Library/Core/Src/usbd_ioreq.o
 .debug_aranges
                0x00000700       0x30 Src/TextOut.o
 .debug_aranges
                0x00000730       0x20 Src/gpio.o
 .debug_aranges
                0x00000750       0x30 Src/main.o
 .debug_aranges
                0x00000780      0x198 Src/myNRF24.o
 .debug_aranges
                0x00000918       0x20 Src/packing.o
 .debug_aranges
                0x00000938       0x30 Src/spi.o
 .debug_aranges
                0x00000968       0x20 Src/stm32f3xx_hal_msp.o
 .debug_aranges
                0x00000988       0x28 Src/stm32f3xx_it.o
 .debug_aranges
                0x000009b0       0x20 Src/usb_device.o
 .debug_aranges
                0x000009d0       0x40 Src/usbd_cdc_if.o
 .debug_aranges
                0x00000a10      0x110 Src/usbd_conf.o
 .debug_aranges
                0x00000b20       0x50 Src/usbd_desc.o

.debug_ranges   0x00000000      0xed0
 .debug_ranges  0x00000000       0x20 Drivers/CMSIS/Device/ST/STM32F3xx/Source/Templates/gcc/startup_stm32f303xc.o
 .debug_ranges  0x00000020       0x18 Drivers/CMSIS/Device/ST/STM32F3xx/Source/Templates/system_stm32f3xx.o
 .debug_ranges  0x00000038       0x98 Drivers/STM32F3xx_HAL_Driver/Src/stm32f3xx_hal.o
 .debug_ranges  0x000000d0      0x148 Drivers/STM32F3xx_HAL_Driver/Src/stm32f3xx_hal_cortex.o
 .debug_ranges  0x00000218       0x68 Drivers/STM32F3xx_HAL_Driver/Src/stm32f3xx_hal_gpio.o
 .debug_ranges  0x00000280      0x130 Drivers/STM32F3xx_HAL_Driver/Src/stm32f3xx_hal_pcd.o
 .debug_ranges  0x000003b0       0x28 Drivers/STM32F3xx_HAL_Driver/Src/stm32f3xx_hal_pcd_ex.o
 .debug_ranges  0x000003d8      0x1d0 Drivers/STM32F3xx_HAL_Driver/Src/stm32f3xx_hal_rcc.o
 .debug_ranges  0x000005a8       0x58 Drivers/STM32F3xx_HAL_Driver/Src/stm32f3xx_hal_rcc_ex.o
 .debug_ranges  0x00000600      0x180 Drivers/STM32F3xx_HAL_Driver/Src/stm32f3xx_hal_spi.o
 .debug_ranges  0x00000780       0x80 Middlewares/ST/STM32_USB_Device_Library/Class/CDC/Src/usbd_cdc.o
 .debug_ranges  0x00000800       0x98 Middlewares/ST/STM32_USB_Device_Library/Core/Src/usbd_core.o
 .debug_ranges  0x00000898       0x38 Middlewares/ST/STM32_USB_Device_Library/Core/Src/usbd_ctlreq.o
 .debug_ranges  0x000008d0       0x40 Middlewares/ST/STM32_USB_Device_Library/Core/Src/usbd_ioreq.o
 .debug_ranges  0x00000910       0x20 Src/TextOut.o
 .debug_ranges  0x00000930       0x38 Src/gpio.o
 .debug_ranges  0x00000968       0x20 Src/main.o
 .debug_ranges  0x00000988      0x318 Src/myNRF24.o
 .debug_ranges  0x00000ca0       0x10 Src/packing.o
 .debug_ranges  0x00000cb0       0x40 Src/spi.o
 .debug_ranges  0x00000cf0       0x30 Src/stm32f3xx_hal_msp.o
 .debug_ranges  0x00000d20       0x18 Src/stm32f3xx_it.o
 .debug_ranges  0x00000d38       0x10 Src/usb_device.o
 .debug_ranges  0x00000d48       0x30 Src/usbd_cdc_if.o
 .debug_ranges  0x00000d78      0x118 Src/usbd_conf.o
 .debug_ranges  0x00000e90       0x40 Src/usbd_desc.o

.debug_loc      0x00000000     0x7ac1
 .debug_loc     0x00000000       0xbe Drivers/CMSIS/Device/ST/STM32F3xx/Source/Templates/system_stm32f3xx.o
 .debug_loc     0x000000be       0x4b Drivers/STM32F3xx_HAL_Driver/Src/stm32f3xx_hal.o
 .debug_loc     0x00000109      0x4ab Drivers/STM32F3xx_HAL_Driver/Src/stm32f3xx_hal_cortex.o
 .debug_loc     0x000005b4      0x29a Drivers/STM32F3xx_HAL_Driver/Src/stm32f3xx_hal_gpio.o
 .debug_loc     0x0000084e      0xca8 Drivers/STM32F3xx_HAL_Driver/Src/stm32f3xx_hal_pcd.o
 .debug_loc     0x000014f6      0x488 Drivers/STM32F3xx_HAL_Driver/Src/stm32f3xx_hal_pcd_ex.o
 .debug_loc     0x0000197e      0x82b Drivers/STM32F3xx_HAL_Driver/Src/stm32f3xx_hal_rcc.o
 .debug_loc     0x000021a9      0x675 Drivers/STM32F3xx_HAL_Driver/Src/stm32f3xx_hal_rcc_ex.o
 .debug_loc     0x0000281e     0x15d0 Drivers/STM32F3xx_HAL_Driver/Src/stm32f3xx_hal_spi.o
 .debug_loc     0x00003dee      0x4bc Middlewares/ST/STM32_USB_Device_Library/Class/CDC/Src/usbd_cdc.o
 .debug_loc     0x000042aa      0x5d9 Middlewares/ST/STM32_USB_Device_Library/Core/Src/usbd_core.o
 .debug_loc     0x00004883      0x6d9 Middlewares/ST/STM32_USB_Device_Library/Core/Src/usbd_ctlreq.o
 .debug_loc     0x00004f5c      0x23c Middlewares/ST/STM32_USB_Device_Library/Core/Src/usbd_ioreq.o
 .debug_loc     0x00005198       0xde Src/TextOut.o
 .debug_loc     0x00005276      0x1d1 Src/main.o
 .debug_loc     0x00005447     0x1b89 Src/myNRF24.o
 .debug_loc     0x00006fd0       0x84 Src/packing.o
 .debug_loc     0x00007054       0x4d Src/spi.o
 .debug_loc     0x000070a1      0x122 Src/usbd_cdc_if.o
 .debug_loc     0x000071c3      0x68b Src/usbd_conf.o
 .debug_loc     0x0000784e      0x273 Src/usbd_desc.o

.debug_macro    0x00000000    0x202e7
 .debug_macro   0x00000000      0x2ef Drivers/CMSIS/Device/ST/STM32F3xx/Source/Templates/system_stm32f3xx.o
 .debug_macro   0x000002ef      0x89e Drivers/CMSIS/Device/ST/STM32F3xx/Source/Templates/system_stm32f3xx.o
 .debug_macro   0x00000b8d       0x31 Drivers/CMSIS/Device/ST/STM32F3xx/Source/Templates/system_stm32f3xx.o
 .debug_macro   0x00000bbe       0x28 Drivers/CMSIS/Device/ST/STM32F3xx/Source/Templates/system_stm32f3xx.o
 .debug_macro   0x00000be6       0x22 Drivers/CMSIS/Device/ST/STM32F3xx/Source/Templates/system_stm32f3xx.o
 .debug_macro   0x00000c08       0x44 Drivers/CMSIS/Device/ST/STM32F3xx/Source/Templates/system_stm32f3xx.o
 .debug_macro   0x00000c4c       0xfd Drivers/CMSIS/Device/ST/STM32F3xx/Source/Templates/system_stm32f3xx.o
 .debug_macro   0x00000d49       0x22 Drivers/CMSIS/Device/ST/STM32F3xx/Source/Templates/system_stm32f3xx.o
 .debug_macro   0x00000d6b      0x1df Drivers/CMSIS/Device/ST/STM32F3xx/Source/Templates/system_stm32f3xx.o
 .debug_macro   0x00000f4a       0x35 Drivers/CMSIS/Device/ST/STM32F3xx/Source/Templates/system_stm32f3xx.o
 .debug_macro   0x00000f7f       0x50 Drivers/CMSIS/Device/ST/STM32F3xx/Source/Templates/system_stm32f3xx.o
 .debug_macro   0x00000fcf      0xe66 Drivers/CMSIS/Device/ST/STM32F3xx/Source/Templates/system_stm32f3xx.o
 .debug_macro   0x00001e35    0x12a87 Drivers/CMSIS/Device/ST/STM32F3xx/Source/Templates/system_stm32f3xx.o
 .debug_macro   0x000148bc       0x43 Drivers/CMSIS/Device/ST/STM32F3xx/Source/Templates/system_stm32f3xx.o
 .debug_macro   0x000148ff      0x172 Drivers/CMSIS/Device/ST/STM32F3xx/Source/Templates/system_stm32f3xx.o
 .debug_macro   0x00014a71       0x9e Drivers/CMSIS/Device/ST/STM32F3xx/Source/Templates/system_stm32f3xx.o
 .debug_macro   0x00014b0f     0x33ad Drivers/CMSIS/Device/ST/STM32F3xx/Source/Templates/system_stm32f3xx.o
 .debug_macro   0x00017ebc       0x58 Drivers/CMSIS/Device/ST/STM32F3xx/Source/Templates/system_stm32f3xx.o
 .debug_macro   0x00017f14       0x35 Drivers/CMSIS/Device/ST/STM32F3xx/Source/Templates/system_stm32f3xx.o
 .debug_macro   0x00017f49       0x9c Drivers/CMSIS/Device/ST/STM32F3xx/Source/Templates/system_stm32f3xx.o
 .debug_macro   0x00017fe5       0x16 Drivers/CMSIS/Device/ST/STM32F3xx/Source/Templates/system_stm32f3xx.o
 .debug_macro   0x00017ffb       0x97 Drivers/CMSIS/Device/ST/STM32F3xx/Source/Templates/system_stm32f3xx.o
 .debug_macro   0x00018092      0x329 Drivers/CMSIS/Device/ST/STM32F3xx/Source/Templates/system_stm32f3xx.o
 .debug_macro   0x000183bb       0xfd Drivers/CMSIS/Device/ST/STM32F3xx/Source/Templates/system_stm32f3xx.o
 .debug_macro   0x000184b8       0x10 Drivers/CMSIS/Device/ST/STM32F3xx/Source/Templates/system_stm32f3xx.o
 .debug_macro   0x000184c8       0x52 Drivers/CMSIS/Device/ST/STM32F3xx/Source/Templates/system_stm32f3xx.o
 .debug_macro   0x0001851a       0x16 Drivers/CMSIS/Device/ST/STM32F3xx/Source/Templates/system_stm32f3xx.o
 .debug_macro   0x00018530       0x43 Drivers/CMSIS/Device/ST/STM32F3xx/Source/Templates/system_stm32f3xx.o
 .debug_macro   0x00018573      0x187 Drivers/CMSIS/Device/ST/STM32F3xx/Source/Templates/system_stm32f3xx.o
 .debug_macro   0x000186fa       0x10 Drivers/CMSIS/Device/ST/STM32F3xx/Source/Templates/system_stm32f3xx.o
 .debug_macro   0x0001870a       0x22 Drivers/CMSIS/Device/ST/STM32F3xx/Source/Templates/system_stm32f3xx.o
 .debug_macro   0x0001872c       0x3a Drivers/CMSIS/Device/ST/STM32F3xx/Source/Templates/system_stm32f3xx.o
 .debug_macro   0x00018766       0x10 Drivers/CMSIS/Device/ST/STM32F3xx/Source/Templates/system_stm32f3xx.o
 .debug_macro   0x00018776       0x40 Drivers/CMSIS/Device/ST/STM32F3xx/Source/Templates/system_stm32f3xx.o
 .debug_macro   0x000187b6       0x65 Drivers/CMSIS/Device/ST/STM32F3xx/Source/Templates/system_stm32f3xx.o
 .debug_macro   0x0001881b       0x16 Drivers/CMSIS/Device/ST/STM32F3xx/Source/Templates/system_stm32f3xx.o
 .debug_macro   0x00018831      0x197 Drivers/CMSIS/Device/ST/STM32F3xx/Source/Templates/system_stm32f3xx.o
 .debug_macro   0x000189c8       0x49 Drivers/CMSIS/Device/ST/STM32F3xx/Source/Templates/system_stm32f3xx.o
 .debug_macro   0x00018a11      0x969 Drivers/CMSIS/Device/ST/STM32F3xx/Source/Templates/system_stm32f3xx.o
 .debug_macro   0x0001937a      0x5fe Drivers/CMSIS/Device/ST/STM32F3xx/Source/Templates/system_stm32f3xx.o
 .debug_macro   0x00019978      0x13a Drivers/CMSIS/Device/ST/STM32F3xx/Source/Templates/system_stm32f3xx.o
 .debug_macro   0x00019ab2      0x1fb Drivers/CMSIS/Device/ST/STM32F3xx/Source/Templates/system_stm32f3xx.o
 .debug_macro   0x00019cad      0x1b5 Drivers/CMSIS/Device/ST/STM32F3xx/Source/Templates/system_stm32f3xx.o
 .debug_macro   0x00019e62       0x31 Drivers/CMSIS/Device/ST/STM32F3xx/Source/Templates/system_stm32f3xx.o
 .debug_macro   0x00019e93       0x3c Drivers/CMSIS/Device/ST/STM32F3xx/Source/Templates/system_stm32f3xx.o
 .debug_macro   0x00019ecf      0x23a Drivers/CMSIS/Device/ST/STM32F3xx/Source/Templates/system_stm32f3xx.o
 .debug_macro   0x0001a109       0xcb Drivers/CMSIS/Device/ST/STM32F3xx/Source/Templates/system_stm32f3xx.o
 .debug_macro   0x0001a1d4      0x22b Drivers/CMSIS/Device/ST/STM32F3xx/Source/Templates/system_stm32f3xx.o
 .debug_macro   0x0001a3ff      0x202 Drivers/CMSIS/Device/ST/STM32F3xx/Source/Templates/system_stm32f3xx.o
 .debug_macro   0x0001a601       0x4f Drivers/CMSIS/Device/ST/STM32F3xx/Source/Templates/system_stm32f3xx.o
 .debug_macro   0x0001a650       0x90 Drivers/CMSIS/Device/ST/STM32F3xx/Source/Templates/system_stm32f3xx.o
 .debug_macro   0x0001a6e0       0x28 Drivers/CMSIS/Device/ST/STM32F3xx/Source/Templates/system_stm32f3xx.o
 .debug_macro   0x0001a708      0x265 Drivers/CMSIS/Device/ST/STM32F3xx/Source/Templates/system_stm32f3xx.o
 .debug_macro   0x0001a96d       0x82 Drivers/CMSIS/Device/ST/STM32F3xx/Source/Templates/system_stm32f3xx.o
 .debug_macro   0x0001a9ef       0xd4 Drivers/CMSIS/Device/ST/STM32F3xx/Source/Templates/system_stm32f3xx.o
 .debug_macro   0x0001aac3      0x2e2 Drivers/CMSIS/Device/ST/STM32F3xx/Source/Templates/system_stm32f3xx.o
 .debug_macro   0x0001ada5      0x26e Drivers/CMSIS/Device/ST/STM32F3xx/Source/Templates/system_stm32f3xx.o
 .debug_macro   0x0001b013      0x30d Drivers/STM32F3xx_HAL_Driver/Src/stm32f3xx_hal.o
 .debug_macro   0x0001b320      0x2e9 Drivers/STM32F3xx_HAL_Driver/Src/stm32f3xx_hal_cortex.o
 .debug_macro   0x0001b609      0x321 Drivers/STM32F3xx_HAL_Driver/Src/stm32f3xx_hal_gpio.o
 .debug_macro   0x0001b92a      0x2ef Drivers/STM32F3xx_HAL_Driver/Src/stm32f3xx_hal_pcd.o
 .debug_macro   0x0001bc19      0x2e9 Drivers/STM32F3xx_HAL_Driver/Src/stm32f3xx_hal_pcd_ex.o
 .debug_macro   0x0001bf02      0x30d Drivers/STM32F3xx_HAL_Driver/Src/stm32f3xx_hal_rcc.o
 .debug_macro   0x0001c20f      0x2e9 Drivers/STM32F3xx_HAL_Driver/Src/stm32f3xx_hal_rcc_ex.o
 .debug_macro   0x0001c4f8      0x2f0 Drivers/STM32F3xx_HAL_Driver/Src/stm32f3xx_hal_spi.o
 .debug_macro   0x0001c7e8      0x395 Middlewares/ST/STM32_USB_Device_Library/Class/CDC/Src/usbd_cdc.o
 .debug_macro   0x0001cb7d       0x4a Middlewares/ST/STM32_USB_Device_Library/Class/CDC/Src/usbd_cdc.o
 .debug_macro   0x0001cbc7       0x16 Middlewares/ST/STM32_USB_Device_Library/Class/CDC/Src/usbd_cdc.o
 .debug_macro   0x0001cbdd       0x35 Middlewares/ST/STM32_USB_Device_Library/Class/CDC/Src/usbd_cdc.o
 .debug_macro   0x0001cc12       0x16 Middlewares/ST/STM32_USB_Device_Library/Class/CDC/Src/usbd_cdc.o
 .debug_macro   0x0001cc28       0x29 Middlewares/ST/STM32_USB_Device_Library/Class/CDC/Src/usbd_cdc.o
 .debug_macro   0x0001cc51       0x16 Middlewares/ST/STM32_USB_Device_Library/Class/CDC/Src/usbd_cdc.o
 .debug_macro   0x0001cc67       0x65 Middlewares/ST/STM32_USB_Device_Library/Class/CDC/Src/usbd_cdc.o
 .debug_macro   0x0001cccc      0x1c3 Middlewares/ST/STM32_USB_Device_Library/Class/CDC/Src/usbd_cdc.o
 .debug_macro   0x0001ce8f       0x83 Middlewares/ST/STM32_USB_Device_Library/Class/CDC/Src/usbd_cdc.o
 .debug_macro   0x0001cf12      0x37c Middlewares/ST/STM32_USB_Device_Library/Core/Src/usbd_core.o
 .debug_macro   0x0001d28e      0x37c Middlewares/ST/STM32_USB_Device_Library/Core/Src/usbd_ctlreq.o
 .debug_macro   0x0001d60a      0x378 Middlewares/ST/STM32_USB_Device_Library/Core/Src/usbd_ioreq.o
 .debug_macro   0x0001d982      0x3a1 Src/TextOut.o
 .debug_macro   0x0001dd23      0x2f3 Src/gpio.o
 .debug_macro   0x0001e016      0x3ea Src/main.o
 .debug_macro   0x0001e400       0x10 Src/main.o
 .debug_macro   0x0001e410      0x3b8 Src/myNRF24.o
 .debug_macro   0x0001e7c8      0x3ab Src/packing.o
 .debug_macro   0x0001eb73      0x2fd Src/spi.o
 .debug_macro   0x0001ee70      0x2e9 Src/stm32f3xx_hal_msp.o
 .debug_macro   0x0001f159      0x2f3 Src/stm32f3xx_it.o
 .debug_macro   0x0001f44c      0x3b3 Src/usb_device.o
 .debug_macro   0x0001f7ff      0x39d Src/usbd_cdc_if.o
 .debug_macro   0x0001fb9c      0x395 Src/usbd_conf.o
 .debug_macro   0x0001ff31      0x3b6 Src/usbd_desc.o

.debug_str      0x00000000    0xa9651
 .debug_str     0x00000000    0xa551e Drivers/CMSIS/Device/ST/STM32F3xx/Source/Templates/system_stm32f3xx.o
                              0xa57bb (size before relaxing)
 .debug_str     0x000a551e      0x63c Drivers/STM32F3xx_HAL_Driver/Src/stm32f3xx_hal.o
                              0xa5eb8 (size before relaxing)
 .debug_str     0x000a5b5a      0x350 Drivers/STM32F3xx_HAL_Driver/Src/stm32f3xx_hal_cortex.o
                              0xa5fba (size before relaxing)
 .debug_str     0x000a5eaa      0x2fb Drivers/STM32F3xx_HAL_Driver/Src/stm32f3xx_hal_gpio.o
                              0xa59f3 (size before relaxing)
 .debug_str     0x000a61a5      0x4f2 Drivers/STM32F3xx_HAL_Driver/Src/stm32f3xx_hal_pcd.o
                              0xa5c26 (size before relaxing)
 .debug_str     0x000a6697       0x8c Drivers/STM32F3xx_HAL_Driver/Src/stm32f3xx_hal_pcd_ex.o
                              0xa5a12 (size before relaxing)
 .debug_str     0x000a6723      0x3f8 Drivers/STM32F3xx_HAL_Driver/Src/stm32f3xx_hal_rcc.o
                              0xa5bfa (size before relaxing)
 .debug_str     0x000a6b1b      0x225 Drivers/STM32F3xx_HAL_Driver/Src/stm32f3xx_hal_rcc_ex.o
                              0xa59e1 (size before relaxing)
 .debug_str     0x000a6d40      0x78e Drivers/STM32F3xx_HAL_Driver/Src/stm32f3xx_hal_spi.o
                              0xa5ee4 (size before relaxing)
 .debug_str     0x000a74ce     0x12cb Middlewares/ST/STM32_USB_Device_Library/Class/CDC/Src/usbd_cdc.o
                              0xa6a15 (size before relaxing)
 .debug_str     0x000a8799      0x283 Middlewares/ST/STM32_USB_Device_Library/Core/Src/usbd_core.o
                              0xa66c6 (size before relaxing)
 .debug_str     0x000a8a1c      0x12e Middlewares/ST/STM32_USB_Device_Library/Core/Src/usbd_ctlreq.o
                              0xa65f8 (size before relaxing)
 .debug_str     0x000a8b4a       0x51 Middlewares/ST/STM32_USB_Device_Library/Core/Src/usbd_ioreq.o
                              0xa6525 (size before relaxing)
 .debug_str     0x000a8b9b       0x93 Src/TextOut.o
                              0xa637f (size before relaxing)
 .debug_str     0x000a8c2e       0x35 Src/gpio.o
                              0xa577d (size before relaxing)
 .debug_str     0x000a8c63      0x1a8 Src/main.o
                              0xa7069 (size before relaxing)
 .debug_str     0x000a8e0b      0x34e Src/myNRF24.o
                              0xa6ba2 (size before relaxing)
 .debug_str     0x000a9159       0x11 Src/packing.o
                              0xa6387 (size before relaxing)
 .debug_str     0x000a916a       0x2f Src/spi.o
                              0xa5b8f (size before relaxing)
 .debug_str     0x000a9199       0x27 Src/stm32f3xx_hal_msp.o
                              0xa5b14 (size before relaxing)
 .debug_str     0x000a91c0       0x44 Src/stm32f3xx_it.o
                              0xa5999 (size before relaxing)
 .debug_str     0x000a9204       0x40 Src/usb_device.o
                              0xa6790 (size before relaxing)
 .debug_str     0x000a9244       0x91 Src/usbd_cdc_if.o
                              0xa689e (size before relaxing)
 .debug_str     0x000a92d5      0x15b Src/usbd_conf.o
                              0xa73ff (size before relaxing)
 .debug_str     0x000a9430      0x221 Src/usbd_desc.o
                              0xa63aa (size before relaxing)

.comment        0x00000000       0x6e
 .comment       0x00000000       0x6e Drivers/CMSIS/Device/ST/STM32F3xx/Source/Templates/system_stm32f3xx.o
                                 0x6f (size before relaxing)
 .comment       0x0000006e       0x6f Drivers/STM32F3xx_HAL_Driver/Src/stm32f3xx_hal.o
 .comment       0x0000006e       0x6f Drivers/STM32F3xx_HAL_Driver/Src/stm32f3xx_hal_cortex.o
 .comment       0x0000006e       0x6f Drivers/STM32F3xx_HAL_Driver/Src/stm32f3xx_hal_gpio.o
 .comment       0x0000006e       0x6f Drivers/STM32F3xx_HAL_Driver/Src/stm32f3xx_hal_pcd.o
 .comment       0x0000006e       0x6f Drivers/STM32F3xx_HAL_Driver/Src/stm32f3xx_hal_pcd_ex.o
 .comment       0x0000006e       0x6f Drivers/STM32F3xx_HAL_Driver/Src/stm32f3xx_hal_rcc.o
 .comment       0x0000006e       0x6f Drivers/STM32F3xx_HAL_Driver/Src/stm32f3xx_hal_rcc_ex.o
 .comment       0x0000006e       0x6f Drivers/STM32F3xx_HAL_Driver/Src/stm32f3xx_hal_spi.o
 .comment       0x0000006e       0x6f Middlewares/ST/STM32_USB_Device_Library/Class/CDC/Src/usbd_cdc.o
 .comment       0x0000006e       0x6f Middlewares/ST/STM32_USB_Device_Library/Core/Src/usbd_core.o
 .comment       0x0000006e       0x6f Middlewares/ST/STM32_USB_Device_Library/Core/Src/usbd_ctlreq.o
 .comment       0x0000006e       0x6f Middlewares/ST/STM32_USB_Device_Library/Core/Src/usbd_ioreq.o
 .comment       0x0000006e       0x6f Src/TextOut.o
 .comment       0x0000006e       0x6f Src/gpio.o
 .comment       0x0000006e       0x6f Src/main.o
 .comment       0x0000006e       0x6f Src/myNRF24.o
 .comment       0x0000006e       0x6f Src/packing.o
 .comment       0x0000006e       0x6f Src/spi.o
 .comment       0x0000006e       0x6f Src/stm32f3xx_hal_msp.o
 .comment       0x0000006e       0x6f Src/stm32f3xx_it.o
 .comment       0x0000006e       0x6f Src/usb_device.o
 .comment       0x0000006e       0x6f Src/usbd_cdc_if.o
 .comment       0x0000006e       0x6f Src/usbd_conf.o
 .comment       0x0000006e       0x6f Src/usbd_desc.o

.debug_frame    0x00000000     0x211c
 .debug_frame   0x00000000       0x38 Drivers/CMSIS/Device/ST/STM32F3xx/Source/Templates/system_stm32f3xx.o
 .debug_frame   0x00000038      0x164 Drivers/STM32F3xx_HAL_Driver/Src/stm32f3xx_hal.o
 .debug_frame   0x0000019c      0x130 Drivers/STM32F3xx_HAL_Driver/Src/stm32f3xx_hal_cortex.o
 .debug_frame   0x000002cc       0xd4 Drivers/STM32F3xx_HAL_Driver/Src/stm32f3xx_hal_gpio.o
 .debug_frame   0x000003a0      0x2a0 Drivers/STM32F3xx_HAL_Driver/Src/stm32f3xx_hal_pcd.o
 .debug_frame   0x00000640       0x6c Drivers/STM32F3xx_HAL_Driver/Src/stm32f3xx_hal_pcd_ex.o
 .debug_frame   0x000006ac      0x138 Drivers/STM32F3xx_HAL_Driver/Src/stm32f3xx_hal_rcc.o
 .debug_frame   0x000007e4       0xb0 Drivers/STM32F3xx_HAL_Driver/Src/stm32f3xx_hal_rcc_ex.o
 .debug_frame   0x00000894      0x548 Drivers/STM32F3xx_HAL_Driver/Src/stm32f3xx_hal_spi.o
 .debug_frame   0x00000ddc      0x14c Middlewares/ST/STM32_USB_Device_Library/Class/CDC/Src/usbd_cdc.o
 .debug_frame   0x00000f28      0x1c0 Middlewares/ST/STM32_USB_Device_Library/Core/Src/usbd_core.o
 .debug_frame   0x000010e8       0xb0 Middlewares/ST/STM32_USB_Device_Library/Core/Src/usbd_ctlreq.o
 .debug_frame   0x00001198       0xb8 Middlewares/ST/STM32_USB_Device_Library/Core/Src/usbd_ioreq.o
 .debug_frame   0x00001250       0x58 Src/TextOut.o
 .debug_frame   0x000012a8       0x38 Src/gpio.o
 .debug_frame   0x000012e0       0x6c Src/main.o
 .debug_frame   0x0000134c      0x598 Src/myNRF24.o
 .debug_frame   0x000018e4       0x2c Src/packing.o
 .debug_frame   0x00001910       0x58 Src/spi.o
 .debug_frame   0x00001968       0x28 Src/stm32f3xx_hal_msp.o
 .debug_frame   0x00001990       0x3c Src/stm32f3xx_it.o
 .debug_frame   0x000019cc       0x2c Src/usb_device.o
 .debug_frame   0x000019f8       0x88 Src/usbd_cdc_if.o
 .debug_frame   0x00001a80      0x29c Src/usbd_conf.o
 .debug_frame   0x00001d1c       0xa8 Src/usbd_desc.o
 .debug_frame   0x00001dc4       0x2c c:/ac6/systemworkbench/plugins/fr.ac6.mcu.externaltools.arm-none.win32_1.7.0.201602121829/tools/compiler/bin/../lib/gcc/arm-none-eabi/5.2.1/../../../../arm-none-eabi/lib/armv7e-m/fpu\libc_nano.a(lib_a-init.o)
 .debug_frame   0x00001df0       0x28 c:/ac6/systemworkbench/plugins/fr.ac6.mcu.externaltools.arm-none.win32_1.7.0.201602121829/tools/compiler/bin/../lib/gcc/arm-none-eabi/5.2.1/../../../../arm-none-eabi/lib/armv7e-m/fpu\libc_nano.a(lib_a-memcpy-stub.o)
 .debug_frame   0x00001e18       0x70 c:/ac6/systemworkbench/plugins/fr.ac6.mcu.externaltools.arm-none.win32_1.7.0.201602121829/tools/compiler/bin/../lib/gcc/arm-none-eabi/5.2.1/../../../../arm-none-eabi/lib/armv7e-m/fpu\libc_nano.a(lib_a-sprintf.o)
 .debug_frame   0x00001e88       0x20 c:/ac6/systemworkbench/plugins/fr.ac6.mcu.externaltools.arm-none.win32_1.7.0.201602121829/tools/compiler/bin/../lib/gcc/arm-none-eabi/5.2.1/../../../../arm-none-eabi/lib/armv7e-m/fpu\libc_nano.a(lib_a-strchr.o)
 .debug_frame   0x00001ea8       0x90 c:/ac6/systemworkbench/plugins/fr.ac6.mcu.externaltools.arm-none.win32_1.7.0.201602121829/tools/compiler/bin/../lib/gcc/arm-none-eabi/5.2.1/../../../../arm-none-eabi/lib/armv7e-m/fpu\libc_nano.a(lib_a-nano-svfprintf.o)
 .debug_frame   0x00001f38       0x60 c:/ac6/systemworkbench/plugins/fr.ac6.mcu.externaltools.arm-none.win32_1.7.0.201602121829/tools/compiler/bin/../lib/gcc/arm-none-eabi/5.2.1/../../../../arm-none-eabi/lib/armv7e-m/fpu\libc_nano.a(lib_a-nano-vfprintf_i.o)
 .debug_frame   0x00001f98       0x28 c:/ac6/systemworkbench/plugins/fr.ac6.mcu.externaltools.arm-none.win32_1.7.0.201602121829/tools/compiler/bin/../lib/gcc/arm-none-eabi/5.2.1/../../../../arm-none-eabi/lib/armv7e-m/fpu\libc_nano.a(lib_a-memmove.o)
 .debug_frame   0x00001fc0       0x2c c:/ac6/systemworkbench/plugins/fr.ac6.mcu.externaltools.arm-none.win32_1.7.0.201602121829/tools/compiler/bin/../lib/gcc/arm-none-eabi/5.2.1/../../../../arm-none-eabi/lib/armv7e-m/fpu\libc_nano.a(lib_a-nano-freer.o)
 .debug_frame   0x00001fec       0x2c c:/ac6/systemworkbench/plugins/fr.ac6.mcu.externaltools.arm-none.win32_1.7.0.201602121829/tools/compiler/bin/../lib/gcc/arm-none-eabi/5.2.1/../../../../arm-none-eabi/lib/armv7e-m/fpu\libc_nano.a(lib_a-nano-mallocr.o)
 .debug_frame   0x00002018       0x3c c:/ac6/systemworkbench/plugins/fr.ac6.mcu.externaltools.arm-none.win32_1.7.0.201602121829/tools/compiler/bin/../lib/gcc/arm-none-eabi/5.2.1/../../../../arm-none-eabi/lib/armv7e-m/fpu\libc_nano.a(lib_a-nano-reallocr.o)
 .debug_frame   0x00002054       0x2c c:/ac6/systemworkbench/plugins/fr.ac6.mcu.externaltools.arm-none.win32_1.7.0.201602121829/tools/compiler/bin/../lib/gcc/arm-none-eabi/5.2.1/../../../../arm-none-eabi/lib/armv7e-m/fpu\libc_nano.a(lib_a-sbrkr.o)
 .debug_frame   0x00002080       0x20 c:/ac6/systemworkbench/plugins/fr.ac6.mcu.externaltools.arm-none.win32_1.7.0.201602121829/tools/compiler/bin/../lib/gcc/arm-none-eabi/5.2.1/../../../../arm-none-eabi/lib/armv7e-m/fpu\libc_nano.a(lib_a-nano-msizer.o)
 .debug_frame   0x000020a0       0x5c c:/ac6/systemworkbench/plugins/fr.ac6.mcu.externaltools.arm-none.win32_1.7.0.201602121829/tools/compiler/bin/../lib/gcc/arm-none-eabi/5.2.1/../../../../arm-none-eabi/lib/armv7e-m/fpu\libc_nano.a(lib_a-reent.o)
 .debug_frame   0x000020fc       0x20 c:/ac6/systemworkbench/plugins/fr.ac6.mcu.externaltools.arm-none.win32_1.7.0.201602121829/tools/compiler/bin/../lib/gcc/arm-none-eabi/5.2.1/../../../../arm-none-eabi/lib/armv7e-m/fpu\libnosys.a(sbrk.o)
